Archive member included to satisfy reference by file (symbol)

c:/rt-threadstudio/repo/extract/toolchain_support_packages/arm/gnu_tools_for_arm_embedded_processors/5.4.1/bin/../lib/gcc/arm-none-eabi/5.4.1/armv7e-m/fpu\libgcc.a(_arm_addsubdf3.o)
                              ./rt-thread/components/libc/compilers/minilibc/math.o (__aeabi_dsub)
c:/rt-threadstudio/repo/extract/toolchain_support_packages/arm/gnu_tools_for_arm_embedded_processors/5.4.1/bin/../lib/gcc/arm-none-eabi/5.4.1/armv7e-m/fpu\libgcc.a(_arm_muldivdf3.o)
                              ./rt-thread/components/libc/compilers/minilibc/math.o (__aeabi_dmul)
c:/rt-threadstudio/repo/extract/toolchain_support_packages/arm/gnu_tools_for_arm_embedded_processors/5.4.1/bin/../lib/gcc/arm-none-eabi/5.4.1/armv7e-m/fpu\libgcc.a(_arm_fixdfsi.o)
                              ./rt-thread/components/libc/compilers/minilibc/math.o (__aeabi_d2iz)
c:/rt-threadstudio/repo/extract/toolchain_support_packages/arm/gnu_tools_for_arm_embedded_processors/5.4.1/bin/../lib/gcc/arm-none-eabi/5.4.1/armv7e-m/fpu\libgcc.a(_aeabi_uldivmod.o)
                              ./libraries/STM32L4xx_HAL_Driver/Src/stm32l4xx_hal_uart.o (__aeabi_uldivmod)
c:/rt-threadstudio/repo/extract/toolchain_support_packages/arm/gnu_tools_for_arm_embedded_processors/5.4.1/bin/../lib/gcc/arm-none-eabi/5.4.1/armv7e-m/fpu\libgcc.a(_udivmoddi4.o)
                              c:/rt-threadstudio/repo/extract/toolchain_support_packages/arm/gnu_tools_for_arm_embedded_processors/5.4.1/bin/../lib/gcc/arm-none-eabi/5.4.1/armv7e-m/fpu\libgcc.a(_aeabi_uldivmod.o) (__udivmoddi4)
c:/rt-threadstudio/repo/extract/toolchain_support_packages/arm/gnu_tools_for_arm_embedded_processors/5.4.1/bin/../lib/gcc/arm-none-eabi/5.4.1/armv7e-m/fpu\libgcc.a(_dvmd_tls.o)
                              c:/rt-threadstudio/repo/extract/toolchain_support_packages/arm/gnu_tools_for_arm_embedded_processors/5.4.1/bin/../lib/gcc/arm-none-eabi/5.4.1/armv7e-m/fpu\libgcc.a(_aeabi_uldivmod.o) (__aeabi_ldiv0)
c:/rt-threadstudio/repo/extract/toolchain_support_packages/arm/gnu_tools_for_arm_embedded_processors/5.4.1/bin/../lib/gcc/arm-none-eabi/5.4.1/../../../../arm-none-eabi/lib/armv7e-m/fpu\libg.a(lib_a-exit.o)
                              c:/rt-threadstudio/repo/extract/toolchain_support_packages/arm/gnu_tools_for_arm_embedded_processors/5.4.1/bin/../lib/gcc/arm-none-eabi/5.4.1/../../../../arm-none-eabi/lib/armv7e-m/fpu/crt0.o (exit)
c:/rt-threadstudio/repo/extract/toolchain_support_packages/arm/gnu_tools_for_arm_embedded_processors/5.4.1/bin/../lib/gcc/arm-none-eabi/5.4.1/../../../../arm-none-eabi/lib/armv7e-m/fpu\libg.a(lib_a-impure.o)
                              c:/rt-threadstudio/repo/extract/toolchain_support_packages/arm/gnu_tools_for_arm_embedded_processors/5.4.1/bin/../lib/gcc/arm-none-eabi/5.4.1/../../../../arm-none-eabi/lib/armv7e-m/fpu\libg.a(lib_a-exit.o) (_global_impure_ptr)
c:/rt-threadstudio/repo/extract/toolchain_support_packages/arm/gnu_tools_for_arm_embedded_processors/5.4.1/bin/../lib/gcc/arm-none-eabi/5.4.1/../../../../arm-none-eabi/lib/armv7e-m/fpu\libg.a(lib_a-init.o)
                              c:/rt-threadstudio/repo/extract/toolchain_support_packages/arm/gnu_tools_for_arm_embedded_processors/5.4.1/bin/../lib/gcc/arm-none-eabi/5.4.1/../../../../arm-none-eabi/lib/armv7e-m/fpu/crt0.o (__libc_init_array)
c:/rt-threadstudio/repo/extract/toolchain_support_packages/arm/gnu_tools_for_arm_embedded_processors/5.4.1/bin/../lib/gcc/arm-none-eabi/5.4.1/../../../../arm-none-eabi/lib/armv7e-m/fpu\libg.a(lib_a-__call_atexit.o)
                              c:/rt-threadstudio/repo/extract/toolchain_support_packages/arm/gnu_tools_for_arm_embedded_processors/5.4.1/bin/../lib/gcc/arm-none-eabi/5.4.1/../../../../arm-none-eabi/lib/armv7e-m/fpu\libg.a(lib_a-exit.o) (__call_exitprocs)
c:/rt-threadstudio/repo/extract/toolchain_support_packages/arm/gnu_tools_for_arm_embedded_processors/5.4.1/bin/../lib/gcc/arm-none-eabi/5.4.1/../../../../arm-none-eabi/lib/armv7e-m/fpu\libg.a(lib_a-atexit.o)
                              c:/rt-threadstudio/repo/extract/toolchain_support_packages/arm/gnu_tools_for_arm_embedded_processors/5.4.1/bin/../lib/gcc/arm-none-eabi/5.4.1/../../../../arm-none-eabi/lib/armv7e-m/fpu\libg.a(lib_a-__call_atexit.o) (atexit)
c:/rt-threadstudio/repo/extract/toolchain_support_packages/arm/gnu_tools_for_arm_embedded_processors/5.4.1/bin/../lib/gcc/arm-none-eabi/5.4.1/../../../../arm-none-eabi/lib/armv7e-m/fpu\libg.a(lib_a-fini.o)
                              c:/rt-threadstudio/repo/extract/toolchain_support_packages/arm/gnu_tools_for_arm_embedded_processors/5.4.1/bin/../lib/gcc/arm-none-eabi/5.4.1/../../../../arm-none-eabi/lib/armv7e-m/fpu\libg.a(lib_a-__call_atexit.o) (__libc_fini_array)
c:/rt-threadstudio/repo/extract/toolchain_support_packages/arm/gnu_tools_for_arm_embedded_processors/5.4.1/bin/../lib/gcc/arm-none-eabi/5.4.1/../../../../arm-none-eabi/lib/armv7e-m/fpu\libg.a(lib_a-__atexit.o)
[...]
Memory Configuration

Name             Origin             Length             Attributes
ROM              0x08020000         0x00040000         xr
RAM              0x20000000         0x0000c000         rw
*default*        0x00000000         0xffffffff

Linker script and memory map

LOAD c:/rt-threadstudio/repo/extract/toolchain_support_packages/arm/gnu_tools_for_arm_embedded_processors/5.4.1/bin/../lib/gcc/arm-none-eabi/5.4.1/armv7e-m/fpu/crti.o
LOAD c:/rt-threadstudio/repo/extract/toolchain_support_packages/arm/gnu_tools_for_arm_embedded_processors/5.4.1/bin/../lib/gcc/arm-none-eabi/5.4.1/armv7e-m/fpu/crtbegin.o
LOAD c:/rt-threadstudio/repo/extract/toolchain_support_packages/arm/gnu_tools_for_arm_embedded_processors/5.4.1/bin/../lib/gcc/arm-none-eabi/5.4.1/../../../../arm-none-eabi/lib/armv7e-m/fpu/crt0.o
LOAD ./rt-thread/src/clock.o
LOAD ./rt-thread/src/components.o
LOAD ./rt-thread/src/device.o
LOAD ./rt-thread/src/idle.o
LOAD ./rt-thread/src/ipc.o
LOAD ./rt-thread/src/irq.o
LOAD ./rt-thread/src/kservice.o
LOAD ./rt-thread/src/mem.o
LOAD ./rt-thread/src/mempool.o
LOAD ./rt-thread/src/object.o
LOAD ./rt-thread/src/scheduler.o
LOAD ./rt-thread/src/signal.o
LOAD ./rt-thread/src/thread.o
LOAD ./rt-thread/src/timer.o
LOAD ./rt-thread/libcpu/arm/cortex-m4/context_gcc.o
LOAD ./rt-thread/libcpu/arm/cortex-m4/cpuport.o
LOAD ./rt-thread/libcpu/arm/common/backtrace.o
LOAD ./rt-thread/libcpu/arm/common/div0.o
LOAD ./rt-thread/libcpu/arm/common/showmem.o
LOAD ./rt-thread/components/libc/compilers/minilibc/ctype.o
LOAD ./rt-thread/components/libc/compilers/minilibc/math.o
LOAD ./rt-thread/components/libc/compilers/minilibc/qsort.o
LOAD ./rt-thread/components/libc/compilers/minilibc/rand.o
LOAD ./rt-thread/components/libc/compilers/minilibc/stdlib.o
LOAD ./rt-thread/components/libc/compilers/minilibc/string.o
LOAD ./rt-thread/components/libc/compilers/minilibc/time.o
LOAD ./rt-thread/components/finsh/cmd.o
LOAD ./rt-thread/components/finsh/msh.o
LOAD ./rt-thread/components/finsh/shell.o
LOAD ./rt-thread/components/drivers/watchdog/watchdog.o
LOAD ./rt-thread/components/drivers/src/completion.o
LOAD ./rt-thread/components/drivers/src/dataqueue.o
LOAD ./rt-thread/components/drivers/src/pipe.o
LOAD ./rt-thread/components/drivers/src/ringblk_buf.o
LOAD ./rt-thread/components/drivers/src/ringbuffer.o
LOAD ./rt-thread/components/drivers/src/waitqueue.o
LOAD ./rt-thread/components/drivers/src/workqueue.o
LOAD ./rt-thread/components/drivers/spi/sfud/src/sfud.o
LOAD ./rt-thread/components/drivers/spi/sfud/src/sfud_sfdp.o
LOAD ./rt-thread/components/drivers/spi/qspi_core.o
LOAD ./rt-thread/components/drivers/spi/spi_core.o
LOAD ./rt-thread/components/drivers/spi/spi_dev.o
LOAD ./rt-thread/components/drivers/spi/spi_flash_sfud.o
LOAD ./rt-thread/components/drivers/serial/serial.o
LOAD ./rt-thread/components/drivers/misc/pin.o
LOAD ./packages/syswatch-v1.0.0/src/syswatch.o
LOAD ./packages/syswatch-v1.0.0/src/syswatch_test.o
LOAD ./packages/fal-v0.5.0/src/fal.o
LOAD ./packages/fal-v0.5.0/src/fal_flash.o
LOAD ./packages/fal-v0.5.0/src/fal_partition.o
LOAD ./packages/fal-v0.5.0/src/fal_rtt.o
LOAD ./packages/fal-v0.5.0/samples/porting/fal_flash_sfud_port.o
LOAD ./libraries/STM32L4xx_HAL_Driver/Src/Legacy/stm32l4xx_hal_can.o
LOAD ./libraries/STM32L4xx_HAL_Driver/Src/stm32l4xx_hal.o
LOAD ./libraries/STM32L4xx_HAL_Driver/Src/stm32l4xx_hal_adc.o
LOAD ./libraries/STM32L4xx_HAL_Driver/Src/stm32l4xx_hal_adc_ex.o
LOAD ./libraries/STM32L4xx_HAL_Driver/Src/stm32l4xx_hal_can.o
LOAD ./libraries/STM32L4xx_HAL_Driver/Src/stm32l4xx_hal_comp.o
LOAD ./libraries/STM32L4xx_HAL_Driver/Src/stm32l4xx_hal_cortex.o
LOAD ./libraries/STM32L4xx_HAL_Driver/Src/stm32l4xx_hal_crc.o
LOAD ./libraries/STM32L4xx_HAL_Driver/Src/stm32l4xx_hal_crc_ex.o
LOAD ./libraries/STM32L4xx_HAL_Driver/Src/stm32l4xx_hal_cryp.o
LOAD ./libraries/STM32L4xx_HAL_Driver/Src/stm32l4xx_hal_cryp_ex.o
LOAD ./libraries/STM32L4xx_HAL_Driver/Src/stm32l4xx_hal_dac.o
LOAD ./libraries/STM32L4xx_HAL_Driver/Src/stm32l4xx_hal_dac_ex.o
LOAD ./libraries/STM32L4xx_HAL_Driver/Src/stm32l4xx_hal_dcmi.o
LOAD ./libraries/STM32L4xx_HAL_Driver/Src/stm32l4xx_hal_dfsdm.o
LOAD ./libraries/STM32L4xx_HAL_Driver/Src/stm32l4xx_hal_dfsdm_ex.o
LOAD ./libraries/STM32L4xx_HAL_Driver/Src/stm32l4xx_hal_dma.o
LOAD ./libraries/STM32L4xx_HAL_Driver/Src/stm32l4xx_hal_dma2d.o
LOAD ./libraries/STM32L4xx_HAL_Driver/Src/stm32l4xx_hal_dma_ex.o
LOAD ./libraries/STM32L4xx_HAL_Driver/Src/stm32l4xx_hal_dsi.o
LOAD ./libraries/STM32L4xx_HAL_Driver/Src/stm32l4xx_hal_exti.o
LOAD ./libraries/STM32L4xx_HAL_Driver/Src/stm32l4xx_hal_firewall.o
LOAD ./libraries/STM32L4xx_HAL_Driver/Src/stm32l4xx_hal_flash.o
LOAD ./libraries/STM32L4xx_HAL_Driver/Src/stm32l4xx_hal_flash_ex.o
LOAD ./libraries/STM32L4xx_HAL_Driver/Src/stm32l4xx_hal_flash_ramfunc.o
LOAD ./libraries/STM32L4xx_HAL_Driver/Src/stm32l4xx_hal_gfxmmu.o
LOAD ./libraries/STM32L4xx_HAL_Driver/Src/stm32l4xx_hal_gpio.o
LOAD ./libraries/STM32L4xx_HAL_Driver/Src/stm32l4xx_hal_hash.o
LOAD ./libraries/STM32L4xx_HAL_Driver/Src/stm32l4xx_hal_hash_ex.o
LOAD ./libraries/STM32L4xx_HAL_Driver/Src/stm32l4xx_hal_hcd.o
LOAD ./libraries/STM32L4xx_HAL_Driver/Src/stm32l4xx_hal_i2c.o
LOAD ./libraries/STM32L4xx_HAL_Driver/Src/stm32l4xx_hal_i2c_ex.o
LOAD ./libraries/STM32L4xx_HAL_Driver/Src/stm32l4xx_hal_irda.o
LOAD ./libraries/STM32L4xx_HAL_Driver/Src/stm32l4xx_hal_iwdg.o
LOAD ./libraries/STM32L4xx_HAL_Driver/Src/stm32l4xx_hal_lcd.o
LOAD ./libraries/STM32L4xx_HAL_Driver/Src/stm32l4xx_hal_lptim.o
LOAD ./libraries/STM32L4xx_HAL_Driver/Src/stm32l4xx_hal_ltdc.o
LOAD ./libraries/STM32L4xx_HAL_Driver/Src/stm32l4xx_hal_ltdc_ex.o
LOAD ./libraries/STM32L4xx_HAL_Driver/Src/stm32l4xx_hal_mmc.o
LOAD ./libraries/STM32L4xx_HAL_Driver/Src/stm32l4xx_hal_mmc_ex.o
LOAD ./libraries/STM32L4xx_HAL_Driver/Src/stm32l4xx_hal_nand.o
LOAD ./libraries/STM32L4xx_HAL_Driver/Src/stm32l4xx_hal_nor.o
LOAD ./libraries/STM32L4xx_HAL_Driver/Src/stm32l4xx_hal_opamp.o
LOAD ./libraries/STM32L4xx_HAL_Driver/Src/stm32l4xx_hal_opamp_ex.o
LOAD ./libraries/STM32L4xx_HAL_Driver/Src/stm32l4xx_hal_ospi.o
LOAD ./libraries/STM32L4xx_HAL_Driver/Src/stm32l4xx_hal_pcd.o
LOAD ./libraries/STM32L4xx_HAL_Driver/Src/stm32l4xx_hal_pcd_ex.o
LOAD ./libraries/STM32L4xx_HAL_Driver/Src/stm32l4xx_hal_pka.o
LOAD ./libraries/STM32L4xx_HAL_Driver/Src/stm32l4xx_hal_pssi.o
LOAD ./libraries/STM32L4xx_HAL_Driver/Src/stm32l4xx_hal_pwr.o
LOAD ./libraries/STM32L4xx_HAL_Driver/Src/stm32l4xx_hal_pwr_ex.o
LOAD ./libraries/STM32L4xx_HAL_Driver/Src/stm32l4xx_hal_qspi.o
LOAD ./libraries/STM32L4xx_HAL_Driver/Src/stm32l4xx_hal_rcc.o
LOAD ./libraries/STM32L4xx_HAL_Driver/Src/stm32l4xx_hal_rcc_ex.o
LOAD ./libraries/STM32L4xx_HAL_Driver/Src/stm32l4xx_hal_rng.o
LOAD ./libraries/STM32L4xx_HAL_Driver/Src/stm32l4xx_hal_rng_ex.o
LOAD ./libraries/STM32L4xx_HAL_Driver/Src/stm32l4xx_hal_rtc.o
LOAD ./libraries/STM32L4xx_HAL_Driver/Src/stm32l4xx_hal_rtc_ex.o
LOAD ./libraries/STM32L4xx_HAL_Driver/Src/stm32l4xx_hal_sai.o
LOAD ./libraries/STM32L4xx_HAL_Driver/Src/stm32l4xx_hal_sai_ex.o
LOAD ./libraries/STM32L4xx_HAL_Driver/Src/stm32l4xx_hal_sd.o
LOAD ./libraries/STM32L4xx_HAL_Driver/Src/stm32l4xx_hal_sd_ex.o
LOAD ./libraries/STM32L4xx_HAL_Driver/Src/stm32l4xx_hal_smartcard.o
LOAD ./libraries/STM32L4xx_HAL_Driver/Src/stm32l4xx_hal_smartcard_ex.o
LOAD ./libraries/STM32L4xx_HAL_Driver/Src/stm32l4xx_hal_smbus.o
LOAD ./libraries/STM32L4xx_HAL_Driver/Src/stm32l4xx_hal_spi.o
LOAD ./libraries/STM32L4xx_HAL_Driver/Src/stm32l4xx_hal_spi_ex.o
LOAD ./libraries/STM32L4xx_HAL_Driver/Src/stm32l4xx_hal_sram.o
LOAD ./libraries/STM32L4xx_HAL_Driver/Src/stm32l4xx_hal_swpmi.o
LOAD ./libraries/STM32L4xx_HAL_Driver/Src/stm32l4xx_hal_tim.o
LOAD ./libraries/STM32L4xx_HAL_Driver/Src/stm32l4xx_hal_tim_ex.o
LOAD ./libraries/STM32L4xx_HAL_Driver/Src/stm32l4xx_hal_tsc.o
LOAD ./libraries/STM32L4xx_HAL_Driver/Src/stm32l4xx_hal_uart.o
LOAD ./libraries/STM32L4xx_HAL_Driver/Src/stm32l4xx_hal_uart_ex.o
LOAD ./libraries/STM32L4xx_HAL_Driver/Src/stm32l4xx_hal_usart.o
LOAD ./libraries/STM32L4xx_HAL_Driver/Src/stm32l4xx_hal_usart_ex.o
LOAD ./libraries/STM32L4xx_HAL_Driver/Src/stm32l4xx_hal_wwdg.o
LOAD ./libraries/STM32L4xx_HAL_Driver/Src/stm32l4xx_ll_usb.o
LOAD ./libraries/CMSIS/Device/ST/STM32L4xx/Source/Templates/gcc/startup_stm32l431xx.o
LOAD ./libraries/CMSIS/Device/ST/STM32L4xx/Source/Templates/system_stm32l4xx.o
LOAD ./drivers/board.o
LOAD ./drivers/drv_adc.o
LOAD ./drivers/drv_clk.o
LOAD ./drivers/drv_common.o
LOAD ./drivers/drv_eth.o
LOAD ./drivers/drv_flash_l4.o
LOAD ./drivers/drv_gpio.o
LOAD ./drivers/drv_hwtimer.o
LOAD ./drivers/drv_pwm.o
LOAD ./drivers/drv_qspi.o
LOAD ./drivers/drv_rtc.o
LOAD ./drivers/drv_sdio.o
LOAD ./drivers/drv_soft_i2c.o
LOAD ./drivers/drv_spi.o
LOAD ./drivers/drv_usart.o
LOAD ./drivers/drv_usbd.o
LOAD ./drivers/drv_usbh.o
LOAD ./drivers/drv_wdt.o
LOAD ./applications/main.o
START GROUP
LOAD c:/rt-threadstudio/repo/extract/toolchain_support_packages/arm/gnu_tools_for_arm_embedded_processors/5.4.1/bin/../lib/gcc/arm-none-eabi/5.4.1/armv7e-m/fpu\libgcc.a
LOAD c:/rt-threadstudio/repo/extract/toolchain_support_packages/arm/gnu_tools_for_arm_embedded_processors/5.4.1/bin/../lib/gcc/arm-none-eabi/5.4.1/../../../../arm-none-eabi/lib/armv7e-m/fpu\libg.a
LOAD c:/rt-threadstudio/repo/extract/toolchain_support_packages/arm/gnu_tools_for_arm_embedded_processors/5.4.1/bin/../lib/gcc/arm-none-eabi/5.4.1/../../../../arm-none-eabi/lib/armv7e-m/fpu\libc.a
END GROUP
LOAD c:/rt-threadstudio/repo/extract/toolchain_support_packages/arm/gnu_tools_for_arm_embedded_processors/5.4.1/bin/../lib/gcc/arm-none-eabi/5.4.1/armv7e-m/fpu/crtend.o
LOAD c:/rt-threadstudio/repo/extract/toolchain_support_packages/arm/gnu_tools_for_arm_embedded_processors/5.4.1/bin/../lib/gcc/arm-none-eabi/5.4.1/armv7e-m/fpu/crtn.o
                0x00000400                _system_stack_size = 0x400

.text           0x08020000    0x188b4
                0x08020000                . = ALIGN (0x4)
                0x08020000                _stext = .
 *(.isr_vector)
 .isr_vector    0x08020000      0x18c ./libraries/CMSIS/Device/ST/STM32L4xx/Source/Templates/gcc/startup_stm32l431xx.o
                0x08020000                g_pfnVectors
                0x0802018c                . = ALIGN (0x4)
 *(.text)
 .text          0x0802018c       0x5c c:/rt-threadstudio/repo/extract/toolchain_support_packages/arm/gnu_tools_for_arm_embedded_processors/5.4.1/bin/../lib/gcc/arm-none-eabi/5.4.1/armv7e-m/fpu/crtbegin.o
 .text          0x080201e8      0x138 ./rt-thread/libcpu/arm/cortex-m4/context_gcc.o
                0x080201e8                rt_hw_interrupt_disable
                0x080201f0                rt_hw_interrupt_enable
                0x080201f6                rt_hw_context_switch_interrupt
                0x080201f6                rt_hw_context_switch
                0x08020216                PendSV_Handler
                0x08020282                rt_hw_context_switch_to
                0x080202ca                rt_hw_interrupt_thread_switch
                0x080202ce                HardFault_Handler
 .text          0x08020320       0x30 c:/rt-threadstudio/repo/extract/toolchain_support_packages/arm/gnu_tools_for_arm_embedded_processors/5.4.1/bin/../lib/gcc/arm-none-eabi/5.4.1/armv7e-m/fpu\libgcc.a(_aeabi_uldivmod.o)
                0x08020320                __aeabi_uldivmod
 .text          0x08020350      0x2e4 c:/rt-threadstudio/repo/extract/toolchain_support_packages/arm/gnu_tools_for_arm_embedded_processors/5.4.1/bin/../lib/gcc/arm-none-eabi/5.4.1/armv7e-m/fpu\libgcc.a(_udivmoddi4.o)
                0x08020350                __udivmoddi4
 .text          0x08020634        0x4 c:/rt-threadstudio/repo/extract/toolchain_support_packages/arm/gnu_tools_for_arm_embedded_processors/5.4.1/bin/../lib/gcc/arm-none-eabi/5.4.1/armv7e-m/fpu\libgcc.a(_dvmd_tls.o)
                0x08020634                __aeabi_idiv0
                0x08020634                __aeabi_ldiv0
 *(.text.*)
 .text.rt_tick_get
                0x08020638       0x18 ./rt-thread/src/clock.o
                0x08020638                rt_tick_get
 .text.rt_tick_increase
                0x08020650       0x58 ./rt-thread/src/clock.o
                0x08020650                rt_tick_increase
 .text.rti_start
                0x080206a8       0x10 ./rt-thread/src/components.o
 .text.rti_board_start
                0x080206b8       0x10 ./rt-thread/src/components.o
 .text.rti_board_end
                0x080206c8       0x10 ./rt-thread/src/components.o
 .text.rti_end  0x080206d8       0x10 ./rt-thread/src/components.o
 .text.rt_components_board_init
                0x080206e8       0x30 ./rt-thread/src/components.o
                0x080206e8                rt_components_board_init
 .text.rt_components_init
                0x08020718       0x30 ./rt-thread/src/components.o
                0x08020718                rt_components_init
 .text.entry    0x08020748       0x10 ./rt-thread/src/components.o
                0x08020748                entry
 .text.main_thread_entry
                0x08020758       0x18 ./rt-thread/src/components.o
                0x08020758                main_thread_entry
 .text.rt_application_init
                0x08020770       0x4c ./rt-thread/src/components.o
                0x08020770                rt_application_init
 .text.rtthread_startup
                0x080207bc       0x30 ./rt-thread/src/components.o
                0x080207bc                rtthread_startup
 .text.rt_device_register
                0x080207ec       0x54 ./rt-thread/src/device.o
                0x080207ec                rt_device_register
 .text.rt_device_unregister
                0x08020840       0x6c ./rt-thread/src/device.o
                0x08020840                rt_device_unregister
 .text.rt_device_find
                0x080208ac       0x90 ./rt-thread/src/device.o
                0x080208ac                rt_device_find
 .text.rt_device_init
                0x0802093c       0x74 ./rt-thread/src/device.o
                0x0802093c                rt_device_init
 .text.rt_device_open
                0x080209b0      0x11c ./rt-thread/src/device.o
                0x080209b0                rt_device_open
 .text.rt_device_close
                0x08020acc       0x9c ./rt-thread/src/device.o
                0x08020acc                rt_device_close
 .text.rt_device_read
                0x08020b68       0x88 ./rt-thread/src/device.o
                0x08020b68                rt_device_read
 .text.rt_device_write
                0x08020bf0       0x88 ./rt-thread/src/device.o
                0x08020bf0                rt_device_write
 .text.rt_device_control
                0x08020c78       0x68 ./rt-thread/src/device.o
                0x08020c78                rt_device_control
 .text.rt_device_set_rx_indicate
                0x08020ce0       0x54 ./rt-thread/src/device.o
                0x08020ce0                rt_device_set_rx_indicate
 .text.rt_list_remove
                0x08020d34       0x38 ./rt-thread/src/idle.o
 .text._has_defunct_thread
                0x08020d6c       0x2c ./rt-thread/src/idle.o
 .text.rt_thread_idle_excute
                0x08020d98       0xc8 ./rt-thread/src/idle.o
                0x08020d98                rt_thread_idle_excute
 .text.rt_thread_idle_entry
                0x08020e60       0x3c ./rt-thread/src/idle.o
 .text.rt_thread_idle_init
                0x08020e9c       0x74 ./rt-thread/src/idle.o
                0x08020e9c                rt_thread_idle_init
 .text.rt_list_init
                0x08020f10       0x24 ./rt-thread/src/ipc.o
 .text.rt_list_insert_before
                0x08020f34       0x34 ./rt-thread/src/ipc.o
 .text.rt_list_isempty
                0x08020f68       0x24 ./rt-thread/src/ipc.o
 .text.rt_ipc_object_init
                0x08020f8c       0x1c ./rt-thread/src/ipc.o
 .text.rt_ipc_list_suspend
                0x08020fa8       0x90 ./rt-thread/src/ipc.o
 .text.rt_ipc_list_resume
                0x08021038       0x20 ./rt-thread/src/ipc.o
 .text.rt_ipc_list_resume_all
                0x08021058       0x48 ./rt-thread/src/ipc.o
 .text.rt_sem_init
                0x080210a0       0x68 ./rt-thread/src/ipc.o
                0x080210a0                rt_sem_init
 .text.rt_sem_take
                0x08021108      0x160 ./rt-thread/src/ipc.o
                0x08021108                rt_sem_take
 .text.rt_sem_release
                0x08021268       0xa0 ./rt-thread/src/ipc.o
                0x08021268                rt_sem_release
 .text.rt_mutex_init
                0x08021308       0x64 ./rt-thread/src/ipc.o
                0x08021308                rt_mutex_init
 .text.rt_mutex_detach
                0x0802136c       0x7c ./rt-thread/src/ipc.o
                0x0802136c                rt_mutex_detach
 .text.rt_mutex_take
                0x080213e8      0x1d0 ./rt-thread/src/ipc.o
                0x080213e8                rt_mutex_take
 .text.rt_mutex_release
                0x080215b8      0x190 ./rt-thread/src/ipc.o
                0x080215b8                rt_mutex_release
 .text.rt_interrupt_enter
                0x08021748       0x40 ./rt-thread/src/irq.o
                0x08021748                rt_interrupt_enter
 .text.rt_interrupt_leave
                0x08021788       0x40 ./rt-thread/src/irq.o
                0x08021788                rt_interrupt_leave
 .text.rt_interrupt_get_nest
                0x080217c8       0x28 ./rt-thread/src/irq.o
                0x080217c8                rt_interrupt_get_nest
 .text.rt_set_errno
                0x080217f0       0x40 ./rt-thread/src/kservice.o
                0x080217f0                rt_set_errno
 .text.rt_memset
                0x08021830       0xb8 ./rt-thread/src/kservice.o
                0x08021830                rt_memset
                0x08021830                memset
 .text.rt_memcpy
                0x080218e8       0xd4 ./rt-thread/src/kservice.o
                0x080218e8                rt_memcpy
                0x080218e8                memcpy
 .text.rt_memmove
                0x080219bc       0x84 ./rt-thread/src/kservice.o
                0x080219bc                rt_memmove
                0x080219bc                memmove
 .text.rt_memcmp
                0x08021a40       0x58 ./rt-thread/src/kservice.o
                0x08021a40                rt_memcmp
                0x08021a40                memcmp
 .text.rt_strncpy
                0x08021a98       0x64 ./rt-thread/src/kservice.o
                0x08021a98                rt_strncpy
 .text.rt_strncmp
                0x08021afc       0x4c ./rt-thread/src/kservice.o
                0x08021afc                rt_strncmp
 .text.rt_strcmp
                0x08021b48       0x44 ./rt-thread/src/kservice.o
                0x08021b48                rt_strcmp
 .text.rt_strlen
                0x08021b8c       0x30 ./rt-thread/src/kservice.o
                0x08021b8c                strlen
                0x08021b8c                rt_strlen
 .text.rt_show_version
                0x08021bbc       0x44 ./rt-thread/src/kservice.o
                0x08021bbc                rt_show_version
 .text.divide   0x08021c00       0x68 ./rt-thread/src/kservice.o
 .text.skip_atoi
                0x08021c68       0x40 ./rt-thread/src/kservice.o
 .text.print_number
                0x08021ca8      0x1dc ./rt-thread/src/kservice.o
 .text.rt_vsnprintf
                0x08021e84      0x548 ./rt-thread/src/kservice.o
                0x08021e84                rt_vsnprintf
 .text.rt_vsprintf
                0x080223cc       0x24 ./rt-thread/src/kservice.o
                0x080223cc                rt_vsprintf
                0x080223cc                vsprintf
 .text.rt_sprintf
                0x080223f0       0x2c ./rt-thread/src/kservice.o
                0x080223f0                sprintf
                0x080223f0                rt_sprintf
 .text.rt_console_get_device
                0x0802241c       0x18 ./rt-thread/src/kservice.o
                0x0802241c                rt_console_get_device
 .text.rt_console_set_device
                0x08022434       0x4c ./rt-thread/src/kservice.o
                0x08022434                rt_console_set_device
 .text.rt_hw_console_output
                0x08022480       0x14 ./rt-thread/src/kservice.o
                0x08022480                rt_hw_console_output
 .text.rt_kprintf
                0x08022494       0x80 ./rt-thread/src/kservice.o
                0x08022494                rt_kprintf
 .text.rt_assert_handler
                0x08022514       0x4c ./rt-thread/src/kservice.o
                0x08022514                rt_assert_handler
 .text.plug_holes
                0x08022560      0x100 ./rt-thread/src/mem.o
 .text.rt_system_heap_init
                0x08022660      0x118 ./rt-thread/src/mem.o
                0x08022660                rt_system_heap_init
 .text.rt_malloc
                0x08022778      0x294 ./rt-thread/src/mem.o
                0x08022778                rt_malloc
 .text.rt_calloc
                0x08022a0c       0x3c ./rt-thread/src/mem.o
                0x08022a0c                rt_calloc
 .text.rt_free  0x08022a48      0x188 ./rt-thread/src/mem.o
                0x08022a48                rt_free
 .text.list_mem
                0x08022bd0       0x44 ./rt-thread/src/mem.o
                0x08022bd0                list_mem
 .text.rt_list_insert_after
                0x08022c14       0x34 ./rt-thread/src/object.o
 .text.rt_list_remove
                0x08022c48       0x38 ./rt-thread/src/object.o
 .text.rt_object_get_information
                0x08022c80       0x48 ./rt-thread/src/object.o
                0x08022c80                rt_object_get_information
 .text.rt_object_init
                0x08022cc8       0xc8 ./rt-thread/src/object.o
                0x08022cc8                rt_object_init
 .text.rt_object_detach
                0x08022d90       0x5c ./rt-thread/src/object.o
                0x08022d90                rt_object_detach
 .text.rt_object_allocate
                0x08022dec       0xd8 ./rt-thread/src/object.o
                0x08022dec                rt_object_allocate
 .text.rt_object_delete
                0x08022ec4       0x7c ./rt-thread/src/object.o
                0x08022ec4                rt_object_delete
 .text.rt_object_is_systemobject
                0x08022f40       0x3c ./rt-thread/src/object.o
                0x08022f40                rt_object_is_systemobject
 .text.rt_object_get_type
                0x08022f7c       0x34 ./rt-thread/src/object.o
                0x08022f7c                rt_object_get_type
 .text.rt_list_init
                0x08022fb0       0x24 ./rt-thread/src/scheduler.o
 .text.rt_list_insert_before
                0x08022fd4       0x34 ./rt-thread/src/scheduler.o
 .text.rt_list_remove
                0x08023008       0x38 ./rt-thread/src/scheduler.o
 .text.rt_list_isempty
                0x08023040       0x24 ./rt-thread/src/scheduler.o
 .text.rt_scheduler_sethook
                0x08023064       0x20 ./rt-thread/src/scheduler.o
                0x08023064                rt_scheduler_sethook
 .text._rt_scheduler_stack_check
                0x08023084       0x98 ./rt-thread/src/scheduler.o
 .text._get_highest_priority_thread
                0x0802311c       0x38 ./rt-thread/src/scheduler.o
 .text.rt_system_scheduler_init
                0x08023154       0x40 ./rt-thread/src/scheduler.o
                0x08023154                rt_system_scheduler_init
 .text.rt_system_scheduler_start
                0x08023194       0x38 ./rt-thread/src/scheduler.o
                0x08023194                rt_system_scheduler_start
 .text.rt_schedule
                0x080231cc      0x188 ./rt-thread/src/scheduler.o
                0x080231cc                rt_schedule
 .text.rt_schedule_insert_thread
                0x08023354       0xac ./rt-thread/src/scheduler.o
                0x08023354                rt_schedule_insert_thread
 .text.rt_schedule_remove_thread
                0x08023400       0x70 ./rt-thread/src/scheduler.o
                0x08023400                rt_schedule_remove_thread
 .text.rt_enter_critical
                0x08023470       0x2c ./rt-thread/src/scheduler.o
                0x08023470                rt_enter_critical
 .text.rt_exit_critical
                0x0802349c       0x54 ./rt-thread/src/scheduler.o
                0x0802349c                rt_exit_critical
 .text.rt_list_init
                0x080234f0       0x24 ./rt-thread/src/thread.o
 .text.rt_list_insert_after
                0x08023514       0x34 ./rt-thread/src/thread.o
 .text.rt_list_remove
                0x08023548       0x38 ./rt-thread/src/thread.o
 .text.rt_thread_exit
                0x08023580       0x68 ./rt-thread/src/thread.o
                0x08023580                rt_thread_exit
 .text._rt_thread_init
                0x080235e8       0xf8 ./rt-thread/src/thread.o
 .text.rt_thread_init
                0x080236e0       0x6c ./rt-thread/src/thread.o
                0x080236e0                rt_thread_init
 .text.rt_thread_self
                0x0802374c       0x18 ./rt-thread/src/thread.o
                0x0802374c                rt_thread_self
 .text.rt_thread_startup
                0x08023764       0xa0 ./rt-thread/src/thread.o
                0x08023764                rt_thread_startup
 .text.rt_thread_detach
                0x08023804       0xc4 ./rt-thread/src/thread.o
                0x08023804                rt_thread_detach
 .text.rt_thread_create
                0x080238c8       0x64 ./rt-thread/src/thread.o
                0x080238c8                rt_thread_create
 .text.rt_thread_delete
                0x0802392c       0xa8 ./rt-thread/src/thread.o
                0x0802392c                rt_thread_delete
 .text.rt_thread_yield
                0x080239d4       0x10 ./rt-thread/src/thread.o
                0x080239d4                rt_thread_yield
 .text.rt_thread_sleep
                0x080239e4       0x8c ./rt-thread/src/thread.o
                0x080239e4                rt_thread_sleep
 .text.rt_thread_delay
                0x08023a70       0x18 ./rt-thread/src/thread.o
                0x08023a70                rt_thread_delay
 .text.rt_thread_control
                0x08023a88       0xd4 ./rt-thread/src/thread.o
                0x08023a88                rt_thread_control
 .text.rt_thread_suspend
                0x08023b5c       0xcc ./rt-thread/src/thread.o
                0x08023b5c                rt_thread_suspend
 .text.rt_thread_resume
                0x08023c28       0x98 ./rt-thread/src/thread.o
                0x08023c28                rt_thread_resume
 .text.rt_thread_timeout
                0x08023cc0       0x84 ./rt-thread/src/thread.o
                0x08023cc0                rt_thread_timeout
 .text.rt_list_init
                0x08023d44       0x24 ./rt-thread/src/timer.o
 .text.rt_list_insert_after
                0x08023d68       0x34 ./rt-thread/src/timer.o
 .text.rt_list_remove
                0x08023d9c       0x38 ./rt-thread/src/timer.o
 .text.rt_list_isempty
                0x08023dd4       0x24 ./rt-thread/src/timer.o
 .text._rt_timer_init
                0x08023df8       0x68 ./rt-thread/src/timer.o
 .text.rt_timer_list_next_timeout
                0x08023e60       0x30 ./rt-thread/src/timer.o
 .text._rt_timer_remove
                0x08023e90       0x34 ./rt-thread/src/timer.o
 .text.rt_timer_init
                0x08023ec4       0x48 ./rt-thread/src/timer.o
                0x08023ec4                rt_timer_init
 .text.rt_timer_detach
                0x08023f0c       0x7c ./rt-thread/src/timer.o
                0x08023f0c                rt_timer_detach
 .text.rt_timer_start
                0x08023f88      0x23c ./rt-thread/src/timer.o
                0x08023f88                rt_timer_start
 .text.rt_timer_stop
                0x080241c4       0x94 ./rt-thread/src/timer.o
                0x080241c4                rt_timer_stop
 .text.rt_timer_control
                0x08024258       0xa0 ./rt-thread/src/timer.o
                0x08024258                rt_timer_control
 .text.rt_timer_check
                0x080242f8       0xcc ./rt-thread/src/timer.o
                0x080242f8                rt_timer_check
 .text.rt_soft_timer_check
                0x080243c4       0xd8 ./rt-thread/src/timer.o
                0x080243c4                rt_soft_timer_check
 .text.rt_thread_timer_entry
                0x0802449c       0x58 ./rt-thread/src/timer.o
 .text.rt_system_timer_init
                0x080244f4       0x34 ./rt-thread/src/timer.o
                0x080244f4                rt_system_timer_init
 .text.rt_system_timer_thread_init
                0x08024528       0x68 ./rt-thread/src/timer.o
                0x08024528                rt_system_timer_thread_init
 .text.rt_hw_stack_init
                0x08024590       0x90 ./rt-thread/libcpu/arm/cortex-m4/cpuport.o
                0x08024590                rt_hw_stack_init
 .text.usage_fault_track
                0x08024620       0xc4 ./rt-thread/libcpu/arm/cortex-m4/cpuport.o
 .text.bus_fault_track
                0x080246e4       0xcc ./rt-thread/libcpu/arm/cortex-m4/cpuport.o
 .text.mem_manage_fault_track
                0x080247b0       0xb4 ./rt-thread/libcpu/arm/cortex-m4/cpuport.o
 .text.hard_fault_track
                0x08024864       0x78 ./rt-thread/libcpu/arm/cortex-m4/cpuport.o
 .text.rt_hw_hard_fault_exception
                0x080248dc      0x184 ./rt-thread/libcpu/arm/cortex-m4/cpuport.o
                0x080248dc                rt_hw_hard_fault_exception
 .text.rt_hw_cpu_reset
                0x08024a60       0x1c ./rt-thread/libcpu/arm/cortex-m4/cpuport.o
                0x08024a60                rt_hw_cpu_reset
 .text.__rt_ffs
                0x08024a7c       0x2c ./rt-thread/libcpu/arm/cortex-m4/cpuport.o
                0x08024a7c                __rt_ffs
 .text.atoi     0x08024aa8       0x88 ./rt-thread/components/libc/compilers/minilibc/stdlib.o
                0x08024aa8                atoi
 .text.malloc   0x08024b30       0x18 ./rt-thread/components/libc/compilers/minilibc/stdlib.o
                0x08024b30                malloc
 .text.strncpy  0x08024b48       0x20 ./rt-thread/components/libc/compilers/minilibc/string.o
                0x08024b48                strncpy
 .text.strcmp   0x08024b68       0x44 ./rt-thread/components/libc/compilers/minilibc/string.o
                0x08024b68                strcmp
 .text.strncmp  0x08024bac       0x4c ./rt-thread/components/libc/compilers/minilibc/string.o
                0x08024bac                strncmp
 .text.__toupper
                0x08024bf8       0x30 ./rt-thread/components/libc/compilers/minilibc/string.o
 .text.toupper  0x08024c28       0x1c ./rt-thread/components/libc/compilers/minilibc/string.o
                0x08024c28                toupper
 .text.simple_strtoul
                0x08024c44       0xf0 ./rt-thread/components/libc/compilers/minilibc/string.o
                0x08024c44                simple_strtoul
 .text.simple_strtol
                0x08024d34       0x3c ./rt-thread/components/libc/compilers/minilibc/string.o
                0x08024d34                simple_strtol
 .text.strtol   0x08024d70       0x24 ./rt-thread/components/libc/compilers/minilibc/string.o
                0x08024d70                strtol
 .text.rt_list_isempty
                0x08024d94       0x24 ./rt-thread/components/finsh/cmd.o
 .text.rt_list_len
                0x08024db8       0x38 ./rt-thread/components/finsh/cmd.o
 .text.hello    0x08024df0       0x14 ./rt-thread/components/finsh/cmd.o
                0x08024df0                hello
 .text.version  0x08024e04       0x10 ./rt-thread/components/finsh/cmd.o
                0x08024e04                version
 .text.object_split
                0x08024e14       0x28 ./rt-thread/components/finsh/cmd.o
 .text.list_find_init
                0x08024e3c       0x48 ./rt-thread/components/finsh/cmd.o
 .text.list_get_next
                0x08024e84       0xc8 ./rt-thread/components/finsh/cmd.o
 .text.list_thread
                0x08024f4c      0x208 ./rt-thread/components/finsh/cmd.o
                0x08024f4c                list_thread
 .text.show_wait_queue
                0x08025154       0x50 ./rt-thread/components/finsh/cmd.o
 .text.list_sem
                0x080251a4      0x12c ./rt-thread/components/finsh/cmd.o
                0x080251a4                list_sem
 .text.list_event
                0x080252d0      0x118 ./rt-thread/components/finsh/cmd.o
                0x080252d0                list_event
 .text.list_mutex
                0x080253e8       0xe8 ./rt-thread/components/finsh/cmd.o
                0x080253e8                list_mutex
 .text.list_mailbox
                0x080254d0      0x13c ./rt-thread/components/finsh/cmd.o
                0x080254d0                list_mailbox
 .text.list_msgqueue
                0x0802560c      0x12c ./rt-thread/components/finsh/cmd.o
                0x0802560c                list_msgqueue
 .text.list_mempool
                0x08025738      0x144 ./rt-thread/components/finsh/cmd.o
                0x08025738                list_mempool
 .text.list_timer
                0x0802587c      0x108 ./rt-thread/components/finsh/cmd.o
                0x0802587c                list_timer
 .text.list_device
                0x08025984       0xf0 ./rt-thread/components/finsh/cmd.o
                0x08025984                list_device
 .text.list     0x08025a74       0x6c ./rt-thread/components/finsh/cmd.o
                0x08025a74                list
 .text.msh_is_used
                0x08025ae0       0x10 ./rt-thread/components/finsh/msh.o
                0x08025ae0                msh_is_used
 .text.msh_help
                0x08025af0       0x7c ./rt-thread/components/finsh/msh.o
                0x08025af0                msh_help
 .text.cmd_ps   0x08025b6c       0x18 ./rt-thread/components/finsh/msh.o
                0x08025b6c                cmd_ps
 .text.cmd_free
                0x08025b84       0x18 ./rt-thread/components/finsh/msh.o
                0x08025b84                cmd_free
 .text.msh_split
                0x08025b9c      0x170 ./rt-thread/components/finsh/msh.o
 .text.msh_get_cmd
                0x08025d0c       0x80 ./rt-thread/components/finsh/msh.o
 .text._msh_exec_cmd
                0x08025d8c       0xd4 ./rt-thread/components/finsh/msh.o
 .text.msh_exec
                0x08025e60       0x84 ./rt-thread/components/finsh/msh.o
                0x08025e60                msh_exec
 .text.str_common
                0x08025ee4       0x4c ./rt-thread/components/finsh/msh.o
 .text.msh_auto_complete
                0x08025f30       0xd0 ./rt-thread/components/finsh/msh.o
                0x08025f30                msh_auto_complete
 .text.finsh_get_prompt
                0x08026000       0xa0 ./rt-thread/components/finsh/shell.o
                0x08026000                finsh_get_prompt
 .text.finsh_set_prompt_mode
                0x080260a0       0x48 ./rt-thread/components/finsh/shell.o
                0x080260a0                finsh_set_prompt_mode
 .text.finsh_getchar
                0x080260e8       0x5c ./rt-thread/components/finsh/shell.o
 .text.finsh_rx_ind
                0x08026144       0x3c ./rt-thread/components/finsh/shell.o
 .text.finsh_set_device
                0x08026180       0xd8 ./rt-thread/components/finsh/shell.o
                0x08026180                finsh_set_device
 .text.shell_auto_complete
                0x08026258       0x40 ./rt-thread/components/finsh/shell.o
 .text.shell_handle_history
                0x08026298       0x34 ./rt-thread/components/finsh/shell.o
 .text.shell_push_history
                0x080262cc      0x160 ./rt-thread/components/finsh/shell.o
 .text.finsh_thread_entry
                0x0802642c      0x5d8 ./rt-thread/components/finsh/shell.o
                0x0802642c                finsh_thread_entry
 .text.finsh_system_function_init
                0x08026a04       0x2c ./rt-thread/components/finsh/shell.o
                0x08026a04                finsh_system_function_init
 .text.finsh_system_var_init
                0x08026a30       0x2c ./rt-thread/components/finsh/shell.o
                0x08026a30                finsh_system_var_init
 .text.finsh_system_init
                0x08026a5c       0xac ./rt-thread/components/finsh/shell.o
                0x08026a5c                finsh_system_init
 .text.rt_watchdog_init
                0x08026b08       0x48 ./rt-thread/components/drivers/watchdog/watchdog.o
 .text.rt_watchdog_open
                0x08026b50       0x1c ./rt-thread/components/drivers/watchdog/watchdog.o
 .text.rt_watchdog_close
                0x08026b6c       0x54 ./rt-thread/components/drivers/watchdog/watchdog.o
 .text.rt_watchdog_control
                0x08026bc0       0x40 ./rt-thread/components/drivers/watchdog/watchdog.o
 .text.rt_hw_watchdog_register
                0x08026c00       0x90 ./rt-thread/components/drivers/watchdog/watchdog.o
                0x08026c00                rt_hw_watchdog_register
 .text.rt_list_init
                0x08026c90       0x24 ./rt-thread/components/drivers/src/completion.o
 .text.rt_list_insert_before
                0x08026cb4       0x34 ./rt-thread/components/drivers/src/completion.o
 .text.rt_list_isempty
                0x08026ce8       0x24 ./rt-thread/components/drivers/src/completion.o
 .text.rt_completion_init
                0x08026d0c       0x44 ./rt-thread/components/drivers/src/completion.o
                0x08026d0c                rt_completion_init
 .text.rt_completion_wait
                0x08026d50       0xfc ./rt-thread/components/drivers/src/completion.o
                0x08026d50                rt_completion_wait
 .text.rt_completion_done
                0x08026e4c       0x70 ./rt-thread/components/drivers/src/completion.o
                0x08026e4c                rt_completion_done
 .text.rt_list_init
                0x08026ebc       0x24 ./rt-thread/components/drivers/src/dataqueue.o
 .text.rt_list_insert_before
                0x08026ee0       0x34 ./rt-thread/components/drivers/src/dataqueue.o
 .text.rt_list_isempty
                0x08026f14       0x24 ./rt-thread/components/drivers/src/dataqueue.o
 .text.rt_data_queue_init
                0x08026f38       0x84 ./rt-thread/components/drivers/src/dataqueue.o
                0x08026f38                rt_data_queue_init
 .text.rt_data_queue_push
                0x08026fbc      0x190 ./rt-thread/components/drivers/src/dataqueue.o
                0x08026fbc                rt_data_queue_push
 .text.rt_data_queue_pop
                0x0802714c      0x1e4 ./rt-thread/components/drivers/src/dataqueue.o
                0x0802714c                rt_data_queue_pop
 .text.rt_data_queue_peak
                0x08027330       0x9c ./rt-thread/components/drivers/src/dataqueue.o
                0x08027330                rt_data_queue_peak
 .text.sfud_device_init
                0x080273cc       0x68 ./rt-thread/components/drivers/spi/sfud/src/sfud.o
                0x080273cc                sfud_device_init
 .text.qspi_set_read_cmd_format
                0x08027434       0x80 ./rt-thread/components/drivers/spi/sfud/src/sfud.o
 .text.sfud_qspi_fast_read_enable
                0x080274b4      0x148 ./rt-thread/components/drivers/spi/sfud/src/sfud.o
                0x080274b4                sfud_qspi_fast_read_enable
 .text.hardware_init
                0x080275fc      0x2dc ./rt-thread/components/drivers/spi/sfud/src/sfud.o
 .text.software_init
                0x080278d8       0x1c ./rt-thread/components/drivers/spi/sfud/src/sfud.o
 .text.sfud_read
                0x080278f4       0xd4 ./rt-thread/components/drivers/spi/sfud/src/sfud.o
                0x080278f4                sfud_read
 .text.sfud_chip_erase
                0x080279c8       0xc4 ./rt-thread/components/drivers/spi/sfud/src/sfud.o
                0x080279c8                sfud_chip_erase
 .text.sfud_erase
                0x08027a8c      0x1dc ./rt-thread/components/drivers/spi/sfud/src/sfud.o
                0x08027a8c                sfud_erase
 .text.page256_or_1_byte_write
                0x08027c68      0x170 ./rt-thread/components/drivers/spi/sfud/src/sfud.o
 .text.aai_write
                0x08027dd8      0x1a8 ./rt-thread/components/drivers/spi/sfud/src/sfud.o
 .text.sfud_write
                0x08027f80       0x5c ./rt-thread/components/drivers/spi/sfud/src/sfud.o
                0x08027f80                sfud_write
 .text.sfud_erase_write
                0x08027fdc       0x40 ./rt-thread/components/drivers/spi/sfud/src/sfud.o
                0x08027fdc                sfud_erase_write
 .text.reset    0x0802801c       0x94 ./rt-thread/components/drivers/spi/sfud/src/sfud.o
 .text.read_jedec_id
                0x080280b0       0x60 ./rt-thread/components/drivers/spi/sfud/src/sfud.o
 .text.set_write_enabled
                0x08028110       0x80 ./rt-thread/components/drivers/spi/sfud/src/sfud.o
 .text.set_4_byte_address_mode
                0x08028190       0x98 ./rt-thread/components/drivers/spi/sfud/src/sfud.o
 .text.sfud_read_status
                0x08028228       0x30 ./rt-thread/components/drivers/spi/sfud/src/sfud.o
                0x08028228                sfud_read_status
 .text.wait_busy
                0x08028258       0x7c ./rt-thread/components/drivers/spi/sfud/src/sfud.o
 .text.make_adress_byte_array
                0x080282d4       0x58 ./rt-thread/components/drivers/spi/sfud/src/sfud.o
 .text.sfud_write_status
                0x0802832c       0x8c ./rt-thread/components/drivers/spi/sfud/src/sfud.o
                0x0802832c                sfud_write_status
 .text.sfud_read_sfdp
                0x080283b8       0x50 ./rt-thread/components/drivers/spi/sfud/src/sfud_sfdp.o
                0x080283b8                sfud_read_sfdp
 .text.read_sfdp_header
                0x08028408       0x98 ./rt-thread/components/drivers/spi/sfud/src/sfud_sfdp.o
 .text.read_basic_header
                0x080284a0       0xb0 ./rt-thread/components/drivers/spi/sfud/src/sfud_sfdp.o
 .text.read_basic_table
                0x08028550      0x344 ./rt-thread/components/drivers/spi/sfud/src/sfud_sfdp.o
 .text.read_sfdp_data
                0x08028894       0x50 ./rt-thread/components/drivers/spi/sfud/src/sfud_sfdp.o
 .text.sfud_sfdp_get_suitable_eraser
                0x080288e4       0x88 ./rt-thread/components/drivers/spi/sfud/src/sfud_sfdp.o
                0x080288e4                sfud_sfdp_get_suitable_eraser
 .text.rt_qspi_configure
                0x0802896c       0x98 ./rt-thread/components/drivers/spi/qspi_core.o
                0x0802896c                rt_qspi_configure
 .text.rt_qspi_bus_register
                0x08028a04       0x34 ./rt-thread/components/drivers/spi/qspi_core.o
                0x08028a04                rt_qspi_bus_register
 .text.rt_qspi_transfer_message
                0x08028a38       0xd4 ./rt-thread/components/drivers/spi/qspi_core.o
                0x08028a38                rt_qspi_transfer_message
 .text.rt_qspi_send_then_recv
                0x08028b0c      0x184 ./rt-thread/components/drivers/spi/qspi_core.o
                0x08028b0c                rt_qspi_send_then_recv
 .text.rt_qspi_send
                0x08028c90      0x178 ./rt-thread/components/drivers/spi/qspi_core.o
                0x08028c90                rt_qspi_send
 .text.rt_spi_bus_register
                0x08028e08       0x4c ./rt-thread/components/drivers/spi/spi_core.o
                0x08028e08                rt_spi_bus_register
 .text.rt_spi_bus_attach_device
                0x08028e54       0x64 ./rt-thread/components/drivers/spi/spi_core.o
                0x08028e54                rt_spi_bus_attach_device
 .text.rt_spi_configure
                0x08028eb8       0x98 ./rt-thread/components/drivers/spi/spi_core.o
                0x08028eb8                rt_spi_configure
 .text.rt_spi_send_then_recv
                0x08028f50      0x148 ./rt-thread/components/drivers/spi/spi_core.o
                0x08028f50                rt_spi_send_then_recv
 .text.rt_spi_transfer
                0x08029098      0x108 ./rt-thread/components/drivers/spi/spi_core.o
                0x08029098                rt_spi_transfer
 .text._spi_bus_device_read
                0x080291a0       0x58 ./rt-thread/components/drivers/spi/spi_dev.o
 .text._spi_bus_device_write
                0x080291f8       0x58 ./rt-thread/components/drivers/spi/spi_dev.o
 .text._spi_bus_device_control
                0x08029250       0x28 ./rt-thread/components/drivers/spi/spi_dev.o
 .text.rt_spi_bus_device_init
                0x08029278       0x70 ./rt-thread/components/drivers/spi/spi_dev.o
                0x08029278                rt_spi_bus_device_init
 .text._spidev_device_read
                0x080292e8       0x58 ./rt-thread/components/drivers/spi/spi_dev.o
 .text._spidev_device_write
                0x08029340       0x58 ./rt-thread/components/drivers/spi/spi_dev.o
 .text._spidev_device_control
                0x08029398       0x28 ./rt-thread/components/drivers/spi/spi_dev.o
 .text.rt_spidev_device_init
                0x080293c0       0x70 ./rt-thread/components/drivers/spi/spi_dev.o
                0x080293c0                rt_spidev_device_init
 .text.rt_spi_recv
                0x08029430       0x24 ./rt-thread/components/drivers/spi/spi_flash_sfud.o
 .text.rt_spi_send
                0x08029454       0x24 ./rt-thread/components/drivers/spi/spi_flash_sfud.o
 .text.rt_sfud_control
                0x08029478       0xf0 ./rt-thread/components/drivers/spi/spi_flash_sfud.o
 .text.rt_sfud_read
                0x08029568       0x94 ./rt-thread/components/drivers/spi/spi_flash_sfud.o
 .text.rt_sfud_write
                0x080295fc       0x94 ./rt-thread/components/drivers/spi/spi_flash_sfud.o
 .text.spi_write_read
                0x08029690      0x160 ./rt-thread/components/drivers/spi/spi_flash_sfud.o
 .text.qspi_read
                0x080297f0      0x108 ./rt-thread/components/drivers/spi/spi_flash_sfud.o
 .text.spi_lock
                0x080298f8       0x6c ./rt-thread/components/drivers/spi/spi_flash_sfud.o
 .text.spi_unlock
                0x08029964       0x68 ./rt-thread/components/drivers/spi/spi_flash_sfud.o
 .text.retry_delay_100us
                0x080299cc       0x10 ./rt-thread/components/drivers/spi/spi_flash_sfud.o
 .text.sfud_log_info
                0x080299dc       0x44 ./rt-thread/components/drivers/spi/spi_flash_sfud.o
                0x080299dc                sfud_log_info
 .text.sfud_spi_port_init
                0x08029a20       0x74 ./rt-thread/components/drivers/spi/spi_flash_sfud.o
                0x08029a20                sfud_spi_port_init
 .text.rt_sfud_flash_probe
                0x08029a94      0x2dc ./rt-thread/components/drivers/spi/spi_flash_sfud.o
                0x08029a94                rt_sfud_flash_probe
 .text.rt_sfud_flash_delete
                0x08029d70       0x7c ./rt-thread/components/drivers/spi/spi_flash_sfud.o
                0x08029d70                rt_sfud_flash_delete
 .text.rt_sfud_flash_find_by_dev_name
                0x08029dec       0x5c ./rt-thread/components/drivers/spi/spi_flash_sfud.o
                0x08029dec                rt_sfud_flash_find_by_dev_name
 .text.sf       0x08029e48      0x864 ./rt-thread/components/drivers/spi/spi_flash_sfud.o
 .text._serial_poll_rx
                0x0802a6ac       0x74 ./rt-thread/components/drivers/serial/serial.o
 .text._serial_poll_tx
                0x0802a720       0x7c ./rt-thread/components/drivers/serial/serial.o
 .text._serial_int_rx
                0x0802a79c       0xd8 ./rt-thread/components/drivers/serial/serial.o
 .text._serial_int_tx
                0x0802a874       0x90 ./rt-thread/components/drivers/serial/serial.o
 .text._serial_check_buffer_size
                0x0802a904       0x38 ./rt-thread/components/drivers/serial/serial.o
 .text._serial_fifo_calc_recved_len
                0x0802a93c       0x88 ./rt-thread/components/drivers/serial/serial.o
 .text.rt_dma_calc_recved_len
                0x0802a9c4       0x18 ./rt-thread/components/drivers/serial/serial.o
 .text.rt_dma_recv_update_get_index
                0x0802a9dc       0xa4 ./rt-thread/components/drivers/serial/serial.o
 .text.rt_dma_recv_update_put_index
                0x0802aa80       0xf8 ./rt-thread/components/drivers/serial/serial.o
 .text._serial_dma_rx
                0x0802ab78      0x198 ./rt-thread/components/drivers/serial/serial.o
 .text._serial_dma_tx
                0x0802ad10       0x70 ./rt-thread/components/drivers/serial/serial.o
 .text.rt_serial_init
                0x0802ad80       0x5c ./rt-thread/components/drivers/serial/serial.o
 .text.rt_serial_open
                0x0802addc      0x36c ./rt-thread/components/drivers/serial/serial.o
 .text.rt_serial_close
                0x0802b148      0x1a8 ./rt-thread/components/drivers/serial/serial.o
 .text.rt_serial_read
                0x0802b2f0       0x84 ./rt-thread/components/drivers/serial/serial.o
 .text.rt_serial_write
                0x0802b374       0x84 ./rt-thread/components/drivers/serial/serial.o
 .text.rt_serial_control
                0x0802b3f8       0xd0 ./rt-thread/components/drivers/serial/serial.o
 .text.rt_hw_serial_register
                0x0802b4c8       0x9c ./rt-thread/components/drivers/serial/serial.o
                0x0802b4c8                rt_hw_serial_register
 .text.rt_hw_serial_isr
                0x0802b564      0x264 ./rt-thread/components/drivers/serial/serial.o
                0x0802b564                rt_hw_serial_isr
 .text._pin_read
                0x0802b7c8       0x60 ./rt-thread/components/drivers/misc/pin.o
 .text._pin_write
                0x0802b828       0x5c ./rt-thread/components/drivers/misc/pin.o
 .text._pin_control
                0x0802b884       0x58 ./rt-thread/components/drivers/misc/pin.o
 .text.rt_device_pin_register
                0x0802b8dc       0x74 ./rt-thread/components/drivers/misc/pin.o
                0x0802b8dc                rt_device_pin_register
 .text.rt_pin_mode
                0x0802b950       0x40 ./rt-thread/components/drivers/misc/pin.o
                0x0802b950                rt_pin_mode
 .text.rt_pin_write
                0x0802b990       0x40 ./rt-thread/components/drivers/misc/pin.o
                0x0802b990                rt_pin_write
 .text.rt_pin_read
                0x0802b9d0       0x3c ./rt-thread/components/drivers/misc/pin.o
                0x0802b9d0                rt_pin_read
 .text.rt_slist_init
                0x0802ba0c       0x1c ./packages/syswatch-v1.0.0/src/syswatch.o
 .text.rt_slist_append
                0x0802ba28       0x38 ./packages/syswatch-v1.0.0/src/syswatch.o
 .text.rt_slist_remove
                0x0802ba60       0x48 ./packages/syswatch-v1.0.0/src/syswatch.o
 .text.rt_slist_first
                0x0802baa8       0x18 ./packages/syswatch-v1.0.0/src/syswatch.o
 .text.rt_slist_isempty
                0x0802bac0       0x24 ./packages/syswatch-v1.0.0/src/syswatch.o
 .text.syswatch_event_hook_call
                0x0802bae4       0x2c ./packages/syswatch-v1.0.0/src/syswatch.o
 .text.syswatch_wdt_startup
                0x0802bb10       0x54 ./packages/syswatch-v1.0.0/src/syswatch.o
 .text.syswatch_wdt_feed
                0x0802bb64       0x1c ./packages/syswatch-v1.0.0/src/syswatch.o
 .text.syswatch_thread_except_resolve_kill
                0x0802bb80       0x5c ./packages/syswatch-v1.0.0/src/syswatch.o
 .text.syswatch_thread_except_resolve_resume_save_msg
                0x0802bbdc       0xa8 ./packages/syswatch-v1.0.0/src/syswatch.o
 .text.syswatch_thread_except_resolve_resume_from_msg
                0x0802bc84      0x120 ./packages/syswatch-v1.0.0/src/syswatch.o
 .text.syswatch_thread_except_resolve_resume_all
                0x0802bda4       0x38 ./packages/syswatch-v1.0.0/src/syswatch.o
 .text.syswatch_thread_except_resolve
                0x0802bddc       0x30 ./packages/syswatch-v1.0.0/src/syswatch.o
 .text.syswatch_thread_switch_hook
                0x0802be0c       0xe8 ./packages/syswatch-v1.0.0/src/syswatch.o
 .text.syswatch_check_timeout
                0x0802bef4       0x3c ./packages/syswatch-v1.0.0/src/syswatch.o
 .text.syswatch_fsm
                0x0802bf30       0x84 ./packages/syswatch-v1.0.0/src/syswatch.o
 .text.syswatch_thread_entry
                0x0802bfb4       0x78 ./packages/syswatch-v1.0.0/src/syswatch.o
 .text.syswatch_init
                0x0802c02c       0x60 ./packages/syswatch-v1.0.0/src/syswatch.o
                0x0802c02c                syswatch_init
 .text.fal_init
                0x0802c08c       0x94 ./packages/fal-v0.5.0/src/fal.o
                0x0802c08c                fal_init
 .text.fal_init_check
                0x0802c120       0x18 ./packages/fal-v0.5.0/src/fal.o
                0x0802c120                fal_init_check
 .text.fal_flash_init
                0x0802c138      0x110 ./packages/fal-v0.5.0/src/fal_flash.o
                0x0802c138                fal_flash_init
 .text.fal_flash_device_find
                0x0802c248       0x88 ./packages/fal-v0.5.0/src/fal_flash.o
                0x0802c248                fal_flash_device_find
 .text.fal_show_part_table
                0x0802c2d0      0x16c ./packages/fal-v0.5.0/src/fal_partition.o
                0x0802c2d0                fal_show_part_table
 .text.fal_partition_init
                0x0802c43c      0x110 ./packages/fal-v0.5.0/src/fal_partition.o
                0x0802c43c                fal_partition_init
 .text.fal_partition_find
                0x0802c54c       0x7c ./packages/fal-v0.5.0/src/fal_partition.o
                0x0802c54c                fal_partition_find
 .text.fal_partition_read
                0x0802c5c8      0x10c ./packages/fal-v0.5.0/src/fal_partition.o
                0x0802c5c8                fal_partition_read
 .text.fal_partition_write
                0x0802c6d4      0x10c ./packages/fal-v0.5.0/src/fal_partition.o
                0x0802c6d4                fal_partition_write
 .text.fal_partition_erase
                0x0802c7e0       0xf4 ./packages/fal-v0.5.0/src/fal_partition.o
                0x0802c7e0                fal_partition_erase
 .text.fal      0x0802c8d4      0x858 ./packages/fal-v0.5.0/src/fal_rtt.o
 .text.rt_hw_qspi_flash_with_sfud_init
                0x0802d12c       0x50 ./packages/fal-v0.5.0/samples/porting/fal_flash_sfud_port.o
 .text.init     0x0802d17c       0x44 ./packages/fal-v0.5.0/samples/porting/fal_flash_sfud_port.o
 .text.read     0x0802d1c0       0x74 ./packages/fal-v0.5.0/samples/porting/fal_flash_sfud_port.o
 .text.write    0x0802d234       0x80 ./packages/fal-v0.5.0/samples/porting/fal_flash_sfud_port.o
 .text.erase    0x0802d2b4       0x80 ./packages/fal-v0.5.0/samples/porting/fal_flash_sfud_port.o
 .text.HAL_Init
                0x0802d334       0x30 ./libraries/STM32L4xx_HAL_Driver/Src/stm32l4xx_hal.o
                0x0802d334                HAL_Init
 .text.HAL_MspInit
                0x0802d364       0x10 ./libraries/STM32L4xx_HAL_Driver/Src/stm32l4xx_hal.o
                0x0802d364                HAL_MspInit
 .text.HAL_IncTick
                0x0802d374       0x24 ./libraries/STM32L4xx_HAL_Driver/Src/stm32l4xx_hal.o
                0x0802d374                HAL_IncTick
 .text.__NVIC_SetPriorityGrouping
                0x0802d398       0x48 ./libraries/STM32L4xx_HAL_Driver/Src/stm32l4xx_hal_cortex.o
 .text.__NVIC_GetPriorityGrouping
                0x0802d3e0       0x1c ./libraries/STM32L4xx_HAL_Driver/Src/stm32l4xx_hal_cortex.o
 .text.__NVIC_EnableIRQ
                0x0802d3fc       0x3c ./libraries/STM32L4xx_HAL_Driver/Src/stm32l4xx_hal_cortex.o
 .text.__NVIC_DisableIRQ
                0x0802d438       0x44 ./libraries/STM32L4xx_HAL_Driver/Src/stm32l4xx_hal_cortex.o
 .text.__NVIC_SetPriority
                0x0802d47c       0x54 ./libraries/STM32L4xx_HAL_Driver/Src/stm32l4xx_hal_cortex.o
 .text.NVIC_EncodePriority
                0x0802d4d0       0x64 ./libraries/STM32L4xx_HAL_Driver/Src/stm32l4xx_hal_cortex.o
 .text.SysTick_Config
                0x0802d534       0x44 ./libraries/STM32L4xx_HAL_Driver/Src/stm32l4xx_hal_cortex.o
 .text.HAL_NVIC_SetPriorityGrouping
                0x0802d578       0x18 ./libraries/STM32L4xx_HAL_Driver/Src/stm32l4xx_hal_cortex.o
                0x0802d578                HAL_NVIC_SetPriorityGrouping
 .text.HAL_NVIC_SetPriority
                0x0802d590       0x38 ./libraries/STM32L4xx_HAL_Driver/Src/stm32l4xx_hal_cortex.o
                0x0802d590                HAL_NVIC_SetPriority
 .text.HAL_NVIC_EnableIRQ
                0x0802d5c8       0x1c ./libraries/STM32L4xx_HAL_Driver/Src/stm32l4xx_hal_cortex.o
                0x0802d5c8                HAL_NVIC_EnableIRQ
 .text.HAL_NVIC_DisableIRQ
                0x0802d5e4       0x1c ./libraries/STM32L4xx_HAL_Driver/Src/stm32l4xx_hal_cortex.o
                0x0802d5e4                HAL_NVIC_DisableIRQ
 .text.HAL_SYSTICK_Config
                0x0802d600       0x18 ./libraries/STM32L4xx_HAL_Driver/Src/stm32l4xx_hal_cortex.o
                0x0802d600                HAL_SYSTICK_Config
 .text.HAL_SYSTICK_CLKSourceConfig
                0x0802d618       0x38 ./libraries/STM32L4xx_HAL_Driver/Src/stm32l4xx_hal_cortex.o
                0x0802d618                HAL_SYSTICK_CLKSourceConfig
 .text.HAL_DMA_Init
                0x0802d650      0x170 ./libraries/STM32L4xx_HAL_Driver/Src/stm32l4xx_hal_dma.o
                0x0802d650                HAL_DMA_Init
 .text.HAL_DMA_DeInit
                0x0802d7c0      0x124 ./libraries/STM32L4xx_HAL_Driver/Src/stm32l4xx_hal_dma.o
                0x0802d7c0                HAL_DMA_DeInit
 .text.HAL_DMA_Start_IT
                0x0802d8e4       0xc0 ./libraries/STM32L4xx_HAL_Driver/Src/stm32l4xx_hal_dma.o
                0x0802d8e4                HAL_DMA_Start_IT
 .text.HAL_DMA_Abort_IT
                0x0802d9a4       0x84 ./libraries/STM32L4xx_HAL_Driver/Src/stm32l4xx_hal_dma.o
                0x0802d9a4                HAL_DMA_Abort_IT
 .text.HAL_DMA_IRQHandler
                0x0802da28      0x160 ./libraries/STM32L4xx_HAL_Driver/Src/stm32l4xx_hal_dma.o
                0x0802da28                HAL_DMA_IRQHandler
 .text.DMA_SetConfig
                0x0802db88       0x60 ./libraries/STM32L4xx_HAL_Driver/Src/stm32l4xx_hal_dma.o
 .text.HAL_FLASH_Program
                0x0802dbe8       0xd8 ./libraries/STM32L4xx_HAL_Driver/Src/stm32l4xx_hal_flash.o
                0x0802dbe8                HAL_FLASH_Program
 .text.HAL_FLASH_Unlock
                0x0802dcc0       0x44 ./libraries/STM32L4xx_HAL_Driver/Src/stm32l4xx_hal_flash.o
                0x0802dcc0                HAL_FLASH_Unlock
 .text.HAL_FLASH_Lock
                0x0802dd04       0x20 ./libraries/STM32L4xx_HAL_Driver/Src/stm32l4xx_hal_flash.o
                0x0802dd04                HAL_FLASH_Lock
 .text.FLASH_WaitForLastOperation
                0x0802dd24       0xb0 ./libraries/STM32L4xx_HAL_Driver/Src/stm32l4xx_hal_flash.o
                0x0802dd24                FLASH_WaitForLastOperation
 .text.FLASH_Program_DoubleWord
                0x0802ddd4       0x44 ./libraries/STM32L4xx_HAL_Driver/Src/stm32l4xx_hal_flash.o
 .text.FLASH_Program_Fast
                0x0802de18       0x68 ./libraries/STM32L4xx_HAL_Driver/Src/stm32l4xx_hal_flash.o
 .text.HAL_FLASHEx_Erase
                0x0802de80      0x140 ./libraries/STM32L4xx_HAL_Driver/Src/stm32l4xx_hal_flash_ex.o
                0x0802de80                HAL_FLASHEx_Erase
 .text.FLASH_MassErase
                0x0802dfc0       0x3c ./libraries/STM32L4xx_HAL_Driver/Src/stm32l4xx_hal_flash_ex.o
 .text.FLASH_PageErase
                0x0802dffc       0x48 ./libraries/STM32L4xx_HAL_Driver/Src/stm32l4xx_hal_flash_ex.o
                0x0802dffc                FLASH_PageErase
 .text.FLASH_FlushCaches
                0x0802e044       0x88 ./libraries/STM32L4xx_HAL_Driver/Src/stm32l4xx_hal_flash_ex.o
                0x0802e044                FLASH_FlushCaches
 .text.HAL_GPIO_Init
                0x0802e0cc      0x2f4 ./libraries/STM32L4xx_HAL_Driver/Src/stm32l4xx_hal_gpio.o
                0x0802e0cc                HAL_GPIO_Init
 .text.HAL_GPIO_DeInit
                0x0802e3c0      0x1b4 ./libraries/STM32L4xx_HAL_Driver/Src/stm32l4xx_hal_gpio.o
                0x0802e3c0                HAL_GPIO_DeInit
 .text.HAL_GPIO_ReadPin
                0x0802e574       0x30 ./libraries/STM32L4xx_HAL_Driver/Src/stm32l4xx_hal_gpio.o
                0x0802e574                HAL_GPIO_ReadPin
 .text.HAL_GPIO_WritePin
                0x0802e5a4       0x30 ./libraries/STM32L4xx_HAL_Driver/Src/stm32l4xx_hal_gpio.o
                0x0802e5a4                HAL_GPIO_WritePin
 .text.HAL_GPIO_EXTI_IRQHandler
                0x0802e5d4       0x30 ./libraries/STM32L4xx_HAL_Driver/Src/stm32l4xx_hal_gpio.o
                0x0802e5d4                HAL_GPIO_EXTI_IRQHandler
 .text.HAL_IWDG_Init
                0x0802e604       0x8c ./libraries/STM32L4xx_HAL_Driver/Src/stm32l4xx_hal_iwdg.o
                0x0802e604                HAL_IWDG_Init
 .text.HAL_IWDG_Refresh
                0x0802e690       0x20 ./libraries/STM32L4xx_HAL_Driver/Src/stm32l4xx_hal_iwdg.o
                0x0802e690                HAL_IWDG_Refresh
 .text.HAL_PWREx_GetVoltageRange
                0x0802e6b0       0x1c ./libraries/STM32L4xx_HAL_Driver/Src/stm32l4xx_hal_pwr_ex.o
                0x0802e6b0                HAL_PWREx_GetVoltageRange
 .text.HAL_QSPI_Init
                0x0802e6cc      0x110 ./libraries/STM32L4xx_HAL_Driver/Src/stm32l4xx_hal_qspi.o
                0x0802e6cc                HAL_QSPI_Init
 .text.HAL_QSPI_Command
                0x0802e7dc       0xbc ./libraries/STM32L4xx_HAL_Driver/Src/stm32l4xx_hal_qspi.o
                0x0802e7dc                HAL_QSPI_Command
 .text.HAL_QSPI_Transmit
                0x0802e898      0x124 ./libraries/STM32L4xx_HAL_Driver/Src/stm32l4xx_hal_qspi.o
                0x0802e898                HAL_QSPI_Transmit
 .text.HAL_QSPI_Receive
                0x0802e9bc      0x13c ./libraries/STM32L4xx_HAL_Driver/Src/stm32l4xx_hal_qspi.o
                0x0802e9bc                HAL_QSPI_Receive
 .text.HAL_QSPI_SetTimeout
                0x0802eaf8       0x1c ./libraries/STM32L4xx_HAL_Driver/Src/stm32l4xx_hal_qspi.o
                0x0802eaf8                HAL_QSPI_SetTimeout
 .text.QSPI_WaitFlagStateUntilTimeout
                0x0802eb14       0x70 ./libraries/STM32L4xx_HAL_Driver/Src/stm32l4xx_hal_qspi.o
 .text.QSPI_Config
                0x0802eb84      0x2fc ./libraries/STM32L4xx_HAL_Driver/Src/stm32l4xx_hal_qspi.o
 .text.HAL_RCC_OscConfig
                0x0802ee80      0x840 ./libraries/STM32L4xx_HAL_Driver/Src/stm32l4xx_hal_rcc.o
                0x0802ee80                HAL_RCC_OscConfig
 .text.HAL_RCC_ClockConfig
                0x0802f6c0      0x1c4 ./libraries/STM32L4xx_HAL_Driver/Src/stm32l4xx_hal_rcc.o
                0x0802f6c0                HAL_RCC_ClockConfig
 .text.HAL_RCC_GetSysClockFreq
                0x0802f884      0x114 ./libraries/STM32L4xx_HAL_Driver/Src/stm32l4xx_hal_rcc.o
                0x0802f884                HAL_RCC_GetSysClockFreq
 .text.HAL_RCC_GetHCLKFreq
                0x0802f998       0x18 ./libraries/STM32L4xx_HAL_Driver/Src/stm32l4xx_hal_rcc.o
                0x0802f998                HAL_RCC_GetHCLKFreq
 .text.HAL_RCC_GetPCLK1Freq
                0x0802f9b0       0x2c ./libraries/STM32L4xx_HAL_Driver/Src/stm32l4xx_hal_rcc.o
                0x0802f9b0                HAL_RCC_GetPCLK1Freq
 .text.HAL_RCC_GetPCLK2Freq
                0x0802f9dc       0x2c ./libraries/STM32L4xx_HAL_Driver/Src/stm32l4xx_hal_rcc.o
                0x0802f9dc                HAL_RCC_GetPCLK2Freq
 .text.RCC_SetFlashLatencyFromMSIRange
                0x0802fa08       0xc0 ./libraries/STM32L4xx_HAL_Driver/Src/stm32l4xx_hal_rcc.o
 .text.HAL_UART_Init
                0x0802fac8       0x9c ./libraries/STM32L4xx_HAL_Driver/Src/stm32l4xx_hal_uart.o
                0x0802fac8                HAL_UART_Init
 .text.HAL_UART_MspInit
                0x0802fb64       0x14 ./libraries/STM32L4xx_HAL_Driver/Src/stm32l4xx_hal_uart.o
                0x0802fb64                HAL_UART_MspInit
 .text.HAL_UART_Transmit_DMA
                0x0802fb78       0xf8 ./libraries/STM32L4xx_HAL_Driver/Src/stm32l4xx_hal_uart.o
                0x0802fb78                HAL_UART_Transmit_DMA
 .text.HAL_UART_Receive_DMA
                0x0802fc70      0x108 ./libraries/STM32L4xx_HAL_Driver/Src/stm32l4xx_hal_uart.o
                0x0802fc70                HAL_UART_Receive_DMA
 .text.HAL_UART_IRQHandler
                0x0802fd78      0x28c ./libraries/STM32L4xx_HAL_Driver/Src/stm32l4xx_hal_uart.o
                0x0802fd78                HAL_UART_IRQHandler
 .text.HAL_UART_TxHalfCpltCallback
                0x08030004       0x14 ./libraries/STM32L4xx_HAL_Driver/Src/stm32l4xx_hal_uart.o
                0x08030004                HAL_UART_TxHalfCpltCallback
 .text.UART_SetConfig
                0x08030018      0x610 ./libraries/STM32L4xx_HAL_Driver/Src/stm32l4xx_hal_uart.o
                0x08030018                UART_SetConfig
 .text.UART_AdvFeatureConfig
                0x08030628      0x144 ./libraries/STM32L4xx_HAL_Driver/Src/stm32l4xx_hal_uart.o
                0x08030628                UART_AdvFeatureConfig
 .text.UART_CheckIdleState
                0x0803076c       0x8c ./libraries/STM32L4xx_HAL_Driver/Src/stm32l4xx_hal_uart.o
                0x0803076c                UART_CheckIdleState
 .text.UART_WaitOnFlagUntilTimeout
                0x080307f8       0xf4 ./libraries/STM32L4xx_HAL_Driver/Src/stm32l4xx_hal_uart.o
                0x080307f8                UART_WaitOnFlagUntilTimeout
 .text.UART_EndTxTransfer
                0x080308ec       0x2c ./libraries/STM32L4xx_HAL_Driver/Src/stm32l4xx_hal_uart.o
 .text.UART_EndRxTransfer
                0x08030918       0x40 ./libraries/STM32L4xx_HAL_Driver/Src/stm32l4xx_hal_uart.o
 .text.UART_DMATransmitCplt
                0x08030958       0x54 ./libraries/STM32L4xx_HAL_Driver/Src/stm32l4xx_hal_uart.o
 .text.UART_DMATxHalfCplt
                0x080309ac       0x1c ./libraries/STM32L4xx_HAL_Driver/Src/stm32l4xx_hal_uart.o
 .text.UART_DMAReceiveCplt
                0x080309c8       0x68 ./libraries/STM32L4xx_HAL_Driver/Src/stm32l4xx_hal_uart.o
 .text.UART_DMARxHalfCplt
                0x08030a30       0x1c ./libraries/STM32L4xx_HAL_Driver/Src/stm32l4xx_hal_uart.o
 .text.UART_DMAError
                0x08030a4c       0x78 ./libraries/STM32L4xx_HAL_Driver/Src/stm32l4xx_hal_uart.o
 .text.UART_DMAAbortOnError
                0x08030ac4       0x2c ./libraries/STM32L4xx_HAL_Driver/Src/stm32l4xx_hal_uart.o
 .text.UART_EndTransmit_IT
                0x08030af0       0x34 ./libraries/STM32L4xx_HAL_Driver/Src/stm32l4xx_hal_uart.o
 .text.HAL_UARTEx_WakeupCallback
                0x08030b24       0x14 ./libraries/STM32L4xx_HAL_Driver/Src/stm32l4xx_hal_uart_ex.o
                0x08030b24                HAL_UARTEx_WakeupCallback
 .text.Reset_Handler
                0x08030b38       0x4c ./libraries/CMSIS/Device/ST/STM32L4xx/Source/Templates/gcc/startup_stm32l431xx.o
                0x08030b38                Reset_Handler
 .text.Default_Handler
                0x08030b84        0x2 ./libraries/CMSIS/Device/ST/STM32L4xx/Source/Templates/gcc/startup_stm32l431xx.o
                0x08030b84                RTC_Alarm_IRQHandler
                0x08030b84                DebugMon_Handler
                0x08030b84                TIM1_CC_IRQHandler
                0x08030b84                TSC_IRQHandler
                0x08030b84                TAMP_STAMP_IRQHandler
                0x08030b84                NMI_Handler
                0x08030b84                LPTIM2_IRQHandler
                0x08030b84                I2C3_ER_IRQHandler
                0x08030b84                I2C2_EV_IRQHandler
                0x08030b84                CAN1_RX0_IRQHandler
                0x08030b84                FPU_IRQHandler
                0x08030b84                TIM1_UP_TIM16_IRQHandler
                0x08030b84                UsageFault_Handler
                0x08030b84                SPI1_IRQHandler
                0x08030b84                TIM6_DAC_IRQHandler
                0x08030b84                DMA2_Channel2_IRQHandler
                0x08030b84                DMA1_Channel4_IRQHandler
                0x08030b84                ADC1_IRQHandler
                0x08030b84                USART3_IRQHandler
                0x08030b84                DMA1_Channel7_IRQHandler
                0x08030b84                CAN1_RX1_IRQHandler
                0x08030b84                DMA2_Channel1_IRQHandler
                0x08030b84                QUADSPI_IRQHandler
                0x08030b84                I2C1_EV_IRQHandler
                0x08030b84                DMA2_Channel4_IRQHandler
                0x08030b84                RCC_IRQHandler
                0x08030b84                TIM1_TRG_COM_IRQHandler
                0x08030b84                DMA1_Channel1_IRQHandler
                0x08030b84                Default_Handler
                0x08030b84                TIM7_IRQHandler
                0x08030b84                SDMMC1_IRQHandler
                0x08030b84                I2C3_EV_IRQHandler
                0x08030b84                RTC_WKUP_IRQHandler
                0x08030b84                PVD_PVM_IRQHandler
                0x08030b84                SPI2_IRQHandler
                0x08030b84                MemManage_Handler
                0x08030b84                CAN1_TX_IRQHandler
                0x08030b84                SVC_Handler
                0x08030b84                DMA2_Channel5_IRQHandler
                0x08030b84                CRS_IRQHandler
                0x08030b84                DMA1_Channel5_IRQHandler
                0x08030b84                RNG_IRQHandler
                0x08030b84                DMA1_Channel3_IRQHandler
                0x08030b84                COMP_IRQHandler
                0x08030b84                WWDG_IRQHandler
                0x08030b84                DMA2_Channel6_IRQHandler
                0x08030b84                TIM2_IRQHandler
                0x08030b84                I2C2_ER_IRQHandler
                0x08030b84                DMA1_Channel2_IRQHandler
                0x08030b84                CAN1_SCE_IRQHandler
                0x08030b84                FLASH_IRQHandler
                0x08030b84                BusFault_Handler
                0x08030b84                USART1_IRQHandler
                0x08030b84                SPI3_IRQHandler
                0x08030b84                I2C1_ER_IRQHandler
                0x08030b84                SWPMI1_IRQHandler
                0x08030b84                LPTIM1_IRQHandler
                0x08030b84                SAI1_IRQHandler
                0x08030b84                DMA2_Channel3_IRQHandler
                0x08030b84                TIM1_BRK_TIM15_IRQHandler
 *fill*         0x08030b86        0x2 00000000
 .text.SystemInit
                0x08030b88       0x6c ./libraries/CMSIS/Device/ST/STM32L4xx/Source/Templates/system_stm32l4xx.o
                0x08030b88                SystemInit
 .text.rt_hw_board_init
                0x08030bf4       0x34 ./drivers/board.o
                0x08030bf4                rt_hw_board_init
 .text.HAL_QSPI_MspInit
                0x08030c28       0x88 ./drivers/board.o
                0x08030c28                HAL_QSPI_MspInit
 .text.system_clock_config
                0x08030cb0       0xa0 ./drivers/drv_clk.o
                0x08030cb0                system_clock_config
 .text.clock_information
                0x08030d50       0x10 ./drivers/drv_clk.o
                0x08030d50                clock_information
 .text.clk_init
                0x08030d60       0x1c ./drivers/drv_clk.o
                0x08030d60                clk_init
 .text.reboot   0x08030d7c       0x18 ./drivers/drv_common.o
 .text.rt_hw_systick_init
                0x08030d94       0x34 ./drivers/drv_common.o
                0x08030d94                rt_hw_systick_init
 .text.SysTick_Handler
                0x08030dc8       0x18 ./drivers/drv_common.o
                0x08030dc8                SysTick_Handler
 .text.HAL_GetTick
                0x08030de0       0x24 ./drivers/drv_common.o
                0x08030de0                HAL_GetTick
 .text.HAL_InitTick
                0x08030e04       0x18 ./drivers/drv_common.o
                0x08030e04                HAL_InitTick
 .text._Error_Handler
                0x08030e1c        0xc ./drivers/drv_common.o
                0x08030e1c                _Error_Handler
 .text.hw_board_init
                0x08030e28       0x44 ./drivers/drv_common.o
                0x08030e28                hw_board_init
 .text.GetPage  0x08030e6c       0x80 ./drivers/drv_flash_l4.o
 .text.GetBank  0x08030eec       0x20 ./drivers/drv_flash_l4.o
 .text.stm32_flash_read
                0x08030f0c       0x7c ./drivers/drv_flash_l4.o
                0x08030f0c                stm32_flash_read
 .text.stm32_flash_write
                0x08030f88      0x20c ./drivers/drv_flash_l4.o
                0x08030f88                stm32_flash_write
 .text.stm32_flash_erase
                0x08031194       0xd8 ./drivers/drv_flash_l4.o
                0x08031194                stm32_flash_erase
 .text.fal_flash_read
                0x0803126c       0x28 ./drivers/drv_flash_l4.o
 .text.fal_flash_write
                0x08031294       0x28 ./drivers/drv_flash_l4.o
 .text.fal_flash_erase
                0x080312bc       0x24 ./drivers/drv_flash_l4.o
 .text.get_pin  0x080312e0       0x48 ./drivers/drv_gpio.o
 .text.stm32_pin_write
                0x08031328       0x3c ./drivers/drv_gpio.o
 .text.stm32_pin_read
                0x08031364       0x44 ./drivers/drv_gpio.o
 .text.stm32_pin_mode
                0x080313a8       0x98 ./drivers/drv_gpio.o
 .text.bit2bitno
                0x08031440       0x40 ./drivers/drv_gpio.o
 .text.get_pin_irq_map
                0x08031480       0x34 ./drivers/drv_gpio.o
 .text.stm32_pin_attach_irq
                0x080314b4      0x148 ./drivers/drv_gpio.o
 .text.stm32_pin_dettach_irq
                0x080315fc       0xd0 ./drivers/drv_gpio.o
 .text.stm32_pin_irq_enable
                0x080316cc      0x1e0 ./drivers/drv_gpio.o
 .text.pin_irq_hdr
                0x080318ac       0x54 ./drivers/drv_gpio.o
 .text.HAL_GPIO_EXTI_Callback
                0x08031900       0x24 ./drivers/drv_gpio.o
                0x08031900                HAL_GPIO_EXTI_Callback
 .text.EXTI0_IRQHandler
                0x08031924       0x18 ./drivers/drv_gpio.o
                0x08031924                EXTI0_IRQHandler
 .text.EXTI1_IRQHandler
                0x0803193c       0x18 ./drivers/drv_gpio.o
                0x0803193c                EXTI1_IRQHandler
 .text.EXTI2_IRQHandler
                0x08031954       0x18 ./drivers/drv_gpio.o
                0x08031954                EXTI2_IRQHandler
 .text.EXTI3_IRQHandler
                0x0803196c       0x18 ./drivers/drv_gpio.o
                0x0803196c                EXTI3_IRQHandler
 .text.EXTI4_IRQHandler
                0x08031984       0x18 ./drivers/drv_gpio.o
                0x08031984                EXTI4_IRQHandler
 .text.EXTI9_5_IRQHandler
                0x0803199c       0x34 ./drivers/drv_gpio.o
                0x0803199c                EXTI9_5_IRQHandler
 .text.EXTI15_10_IRQHandler
                0x080319d0       0x40 ./drivers/drv_gpio.o
                0x080319d0                EXTI15_10_IRQHandler
 .text.rt_hw_pin_init
                0x08031a10       0xb8 ./drivers/drv_gpio.o
                0x08031a10                rt_hw_pin_init
 .text.stm32_qspi_init
                0x08031ac8      0x168 ./drivers/drv_qspi.o
 .text.qspi_send_cmd
                0x08031c30      0x148 ./drivers/drv_qspi.o
 .text.qspixfer
                0x08031d78      0x118 ./drivers/drv_qspi.o
 .text.qspi_configure
                0x08031e90       0x54 ./drivers/drv_qspi.o
 .text.stm32_qspi_register_bus
                0x08031ee4       0x5c ./drivers/drv_qspi.o
 .text.stm32_qspi_bus_attach_device
                0x08031f40      0x118 ./drivers/drv_qspi.o
                0x08031f40                stm32_qspi_bus_attach_device
 .text.rt_hw_qspi_bus_init
                0x08032058       0x1c ./drivers/drv_qspi.o
 .text.__NVIC_EnableIRQ
                0x08032074       0x3c ./drivers/drv_usart.o
 .text.__NVIC_DisableIRQ
                0x080320b0       0x44 ./drivers/drv_usart.o
 .text.stm32_uart_clk_enable
                0x080320f4       0x70 ./drivers/drv_usart.o
 .text.stm32_gpio_clk_enable
                0x08032164      0x140 ./drivers/drv_usart.o
 .text.up_char  0x080322a4       0x34 ./drivers/drv_usart.o
 .text.get_pin_by_name
                0x080322d8       0x5c ./drivers/drv_usart.o
 .text.stm32_gpio_configure
                0x08032334       0xb0 ./drivers/drv_usart.o
 .text.stm32_configure
                0x080323e4      0x134 ./drivers/drv_usart.o
 .text.stm32_control
                0x08032518       0x9c ./drivers/drv_usart.o
 .text.stm32_putc
                0x080325b4       0x5c ./drivers/drv_usart.o
 .text.stm32_getc
                0x08032610       0x54 ./drivers/drv_usart.o
 .text.stm32_dma_transmit
                0x08032664       0x68 ./drivers/drv_usart.o
 .text.uart_isr
                0x080326cc      0x1b8 ./drivers/drv_usart.o
 .text.dma_isr  0x08032884       0xc0 ./drivers/drv_usart.o
 .text.USART2_IRQHandler
                0x08032944       0x1c ./drivers/drv_usart.o
                0x08032944                USART2_IRQHandler
 .text.DMA1_Channel6_IRQHandler
                0x08032960       0x1c ./drivers/drv_usart.o
                0x08032960                DMA1_Channel6_IRQHandler
 .text.LPUART1_IRQHandler
                0x0803297c       0x1c ./drivers/drv_usart.o
                0x0803297c                LPUART1_IRQHandler
 .text.DMA2_Channel7_IRQHandler
                0x08032998       0x1c ./drivers/drv_usart.o
                0x08032998                DMA2_Channel7_IRQHandler
 .text.stm32_dma_config
                0x080329b4      0x1e4 ./drivers/drv_usart.o
 .text.HAL_UART_ErrorCallback
                0x08032b98       0x30 ./drivers/drv_usart.o
                0x08032b98                HAL_UART_ErrorCallback
 .text.HAL_UART_RxCpltCallback
                0x08032bc8       0x3c ./drivers/drv_usart.o
                0x08032bc8                HAL_UART_RxCpltCallback
 .text.HAL_UART_RxHalfCpltCallback
                0x08032c04       0x3c ./drivers/drv_usart.o
                0x08032c04                HAL_UART_RxHalfCpltCallback
 .text.HAL_UART_TxCpltCallback
                0x08032c40       0x3c ./drivers/drv_usart.o
                0x08032c40                HAL_UART_TxCpltCallback
 .text.stm32_uart_get_dma_config
                0x08032c7c       0x3c ./drivers/drv_usart.o
 .text.rt_hw_usart_init
                0x08032cb8      0x10c ./drivers/drv_usart.o
                0x08032cb8                rt_hw_usart_init
 .text.wdt_init
                0x08032dc4       0x18 ./drivers/drv_wdt.o
 .text.wdt_control
                0x08032ddc      0x144 ./drivers/drv_wdt.o
 .text.rt_wdt_init
                0x08032f20       0x90 ./drivers/drv_wdt.o
                0x08032f20                rt_wdt_init
 .text.main     0x08032fb0       0x10 ./applications/main.o
                0x08032fb0                main
 .text.rt_hw_app_vector_reconfig
                0x08032fc0       0x20 ./applications/main.o
 .text.startup.register_fini
                0x08032fe0       0x14 c:/rt-threadstudio/repo/extract/toolchain_support_packages/arm/gnu_tools_for_arm_embedded_processors/5.4.1/bin/../lib/gcc/arm-none-eabi/5.4.1/../../../../arm-none-eabi/lib/armv7e-m/fpu\libg.a(lib_a-__call_atexit.o)
 .text.atexit   0x08032ff4        0xc c:/rt-threadstudio/repo/extract/toolchain_support_packages/arm/gnu_tools_for_arm_embedded_processors/5.4.1/bin/../lib/gcc/arm-none-eabi/5.4.1/../../../../arm-none-eabi/lib/armv7e-m/fpu\libg.a(lib_a-atexit.o)
                0x08032ff4                atexit
 .text.__libc_fini_array
                0x08033000       0x28 c:/rt-threadstudio/repo/extract/toolchain_support_packages/arm/gnu_tools_for_arm_embedded_processors/5.4.1/bin/../lib/gcc/arm-none-eabi/5.4.1/../../../../arm-none-eabi/lib/armv7e-m/fpu\libg.a(lib_a-fini.o)
                0x08033000                __libc_fini_array
 .text.__register_exitproc
                0x08033028       0xa4 c:/rt-threadstudio/repo/extract/toolchain_support_packages/arm/gnu_tools_for_arm_embedded_processors/5.4.1/bin/../lib/gcc/arm-none-eabi/5.4.1/../../../../arm-none-eabi/lib/armv7e-m/fpu\libg.a(lib_a-__atexit.o)
                0x08033028                __register_exitproc
 *(.rodata)
 .rodata        0x080330cc       0x17 ./rt-thread/src/components.o
 *fill*         0x080330e3        0x1 00000000
 .rodata        0x080330e4      0x10c ./rt-thread/src/device.o
 .rodata        0x080331f0       0x34 ./rt-thread/src/idle.o
 .rodata        0x08033224      0x476 ./rt-thread/src/ipc.o
 *fill*         0x0803369a        0x2 00000000
 .rodata        0x0803369c       0xc7 ./rt-thread/src/kservice.o
 *fill*         0x08033763        0x1 00000000
 .rodata        0x08033764      0x2fa ./rt-thread/src/mem.o
 *fill*         0x08033a5e        0x2 00000000
 .rodata        0x08033a60       0x91 ./rt-thread/src/object.o
 *fill*         0x08033af1        0x3 00000000
 .rodata        0x08033af4       0x65 ./rt-thread/src/scheduler.o
 *fill*         0x08033b59        0x3 00000000
 .rodata        0x08033b5c      0x1b7 ./rt-thread/src/thread.o
 *fill*         0x08033d13        0x1 00000000
 .rodata        0x08033d14       0xde ./rt-thread/src/timer.o
 *fill*         0x08033df2        0x2 00000000
 .rodata        0x08033df4      0x2ce ./rt-thread/libcpu/arm/cortex-m4/cpuport.o
 *fill*         0x080340c2        0x2 00000000
 .rodata        0x080340c4      0x631 ./rt-thread/components/finsh/cmd.o
 *fill*         0x080346f5        0x3 00000000
 .rodata        0x080346f8       0x80 ./rt-thread/components/finsh/msh.o
 .rodata        0x08034778       0x99 ./rt-thread/components/finsh/shell.o
 *fill*         0x08034811        0x3 00000000
 .rodata        0x08034814       0x43 ./rt-thread/components/drivers/watchdog/watchdog.o
 *fill*         0x08034857        0x1 00000000
 .rodata        0x08034858       0x72 ./rt-thread/components/drivers/src/completion.o
 *fill*         0x080348ca        0x2 00000000
 .rodata        0x080348cc       0x64 ./rt-thread/components/drivers/src/dataqueue.o
 .rodata        0x08034930      0x3fd ./rt-thread/components/drivers/spi/sfud/src/sfud.o
 *fill*         0x08034d2d        0x3 00000000
 .rodata        0x08034d30      0x261 ./rt-thread/components/drivers/spi/sfud/src/sfud_sfdp.o
 *fill*         0x08034f91        0x3 00000000
 .rodata        0x08034f94       0x70 ./rt-thread/components/drivers/spi/qspi_core.o
 .rodata        0x08035004       0x49 ./rt-thread/components/drivers/spi/spi_core.o
 *fill*         0x0803504d        0x3 00000000
 .rodata        0x08035050       0x63 ./rt-thread/components/drivers/spi/spi_dev.o
 *fill*         0x080350b3        0x1 00000000
 .rodata        0x080350b4      0x8dc ./rt-thread/components/drivers/spi/spi_flash_sfud.o
 .rodata        0x08035990      0x1a2 ./rt-thread/components/drivers/serial/serial.o
 *fill*         0x08035b32        0x2 00000000
 .rodata        0x08035b34       0x27 ./rt-thread/components/drivers/misc/pin.o
 *fill*         0x08035b5b        0x1 00000000
 .rodata        0x08035b5c      0x1a3 ./packages/syswatch-v1.0.0/src/syswatch.o
 *fill*         0x08035cff        0x1 00000000
 .rodata        0x08035d00       0xb7 ./packages/fal-v0.5.0/src/fal.o
 *fill*         0x08035db7        0x1 00000000
 .rodata        0x08035db8       0xf5 ./packages/fal-v0.5.0/src/fal_flash.o
 *fill*         0x08035ead        0x3 00000000
 .rodata        0x08035eb0      0x465 ./packages/fal-v0.5.0/src/fal_partition.o
 *fill*         0x08036315        0x3 00000000
 .rodata        0x08036318      0x82c ./packages/fal-v0.5.0/src/fal_rtt.o
 .rodata        0x08036b44       0x5a ./packages/fal-v0.5.0/samples/porting/fal_flash_sfud_port.o
 *fill*         0x08036b9e        0x2 00000000
 .rodata        0x08036ba0        0xa ./drivers/board.o
 *fill*         0x08036baa        0x2 00000000
 .rodata        0x08036bac       0x15 ./drivers/drv_clk.o
 *fill*         0x08036bc1        0x3 00000000
 .rodata        0x08036bc4       0xf2 ./drivers/drv_flash_l4.o
 *fill*         0x08036cb6        0x2 00000000
 .rodata        0x08036cb8        0x4 ./drivers/drv_gpio.o
 .rodata        0x08036cbc      0x202 ./drivers/drv_qspi.o
 *fill*         0x08036ebe        0x2 00000000
 .rodata        0x08036ec0       0x90 ./drivers/drv_usart.o
 .rodata        0x08036f50       0xf4 ./drivers/drv_wdt.o
 *(.rodata*)
 .rodata.__FUNCTION__.5306
                0x08037044       0x14 ./rt-thread/src/components.o
 .rodata.__FUNCTION__.5188
                0x08037058       0x15 ./rt-thread/src/device.o
 *fill*         0x0803706d        0x3 00000000
 .rodata.__FUNCTION__.5198
                0x08037070        0xf ./rt-thread/src/device.o
 *fill*         0x0803707f        0x1 00000000
 .rodata.__FUNCTION__.5216
                0x08037080        0xf ./rt-thread/src/device.o
 *fill*         0x0803708f        0x1 00000000
 .rodata.__FUNCTION__.5222
                0x08037090        0xf ./rt-thread/src/device.o
 *fill*         0x0803709f        0x1 00000000
 .rodata.__FUNCTION__.5227
                0x080370a0       0x10 ./rt-thread/src/device.o
 .rodata.__FUNCTION__.5234
                0x080370b0        0xf ./rt-thread/src/device.o
 *fill*         0x080370bf        0x1 00000000
 .rodata.__FUNCTION__.5241
                0x080370c0       0x10 ./rt-thread/src/device.o
 .rodata.__FUNCTION__.5247
                0x080370d0       0x12 ./rt-thread/src/device.o
 *fill*         0x080370e2        0x2 00000000
 .rodata.__FUNCTION__.5254
                0x080370e4       0x1a ./rt-thread/src/device.o
 *fill*         0x080370fe        0x2 00000000
 .rodata.__FUNCTION__.5289
                0x08037100       0x16 ./rt-thread/src/idle.o
 *fill*         0x08037116        0x2 00000000
 .rodata.__FUNCTION__.5294
                0x08037118        0xc ./rt-thread/src/ipc.o
 .rodata.__FUNCTION__.5318
                0x08037124        0xc ./rt-thread/src/ipc.o
 .rodata.__FUNCTION__.5329
                0x08037130        0xf ./rt-thread/src/ipc.o
 *fill*         0x0803713f        0x1 00000000
 .rodata.__FUNCTION__.5343
                0x08037140        0xe ./rt-thread/src/ipc.o
 *fill*         0x0803714e        0x2 00000000
 .rodata.__FUNCTION__.5347
                0x08037150       0x10 ./rt-thread/src/ipc.o
 .rodata.__FUNCTION__.5367
                0x08037160        0xe ./rt-thread/src/ipc.o
 *fill*         0x0803716e        0x2 00000000
 .rodata.__FUNCTION__.5376
                0x08037170       0x11 ./rt-thread/src/ipc.o
 *fill*         0x08037181        0x3 00000000
 .rodata.large_digits.5428
                0x08037184       0x11 ./rt-thread/src/kservice.o
 *fill*         0x08037195        0x3 00000000
 .rodata.small_digits.5427
                0x08037198       0x11 ./rt-thread/src/kservice.o
 *fill*         0x080371a9        0x3 00000000
 .rodata.name   0x080371ac       0x2a ./rt-thread/src/mem.o
                0x080371ac                __fsym_list_mem_name
                0x080371b8                __fsym_list_mem_desc
 *fill*         0x080371d6        0x2 00000000
 .rodata.__FUNCTION__.5285
                0x080371d8        0xb ./rt-thread/src/mem.o
 *fill*         0x080371e3        0x1 00000000
 .rodata.__FUNCTION__.5294
                0x080371e4       0x14 ./rt-thread/src/mem.o
 .rodata.__FUNCTION__.5303
                0x080371f8        0xa ./rt-thread/src/mem.o
 *fill*         0x08037202        0x2 00000000
 .rodata.__FUNCTION__.5332
                0x08037204        0x8 ./rt-thread/src/mem.o
 .rodata.__FUNCTION__.5314
                0x0803720c        0xf ./rt-thread/src/object.o
 *fill*         0x0803721b        0x1 00000000
 .rodata.__FUNCTION__.5323
                0x0803721c       0x11 ./rt-thread/src/object.o
 *fill*         0x0803722d        0x3 00000000
 .rodata.__FUNCTION__.5332
                0x08037230       0x13 ./rt-thread/src/object.o
 *fill*         0x08037243        0x1 00000000
 .rodata.__FUNCTION__.5337
                0x08037244       0x11 ./rt-thread/src/object.o
 *fill*         0x08037255        0x3 00000000
 .rodata.__FUNCTION__.5341
                0x08037258       0x1a ./rt-thread/src/object.o
 *fill*         0x08037272        0x2 00000000
 .rodata.__FUNCTION__.5345
                0x08037274       0x13 ./rt-thread/src/object.o
 *fill*         0x08037287        0x1 00000000
 .rodata.__FUNCTION__.5272
                0x08037288       0x1a ./rt-thread/src/scheduler.o
 *fill*         0x080372a2        0x2 00000000
 .rodata.__FUNCTION__.5313
                0x080372a4       0x1a ./rt-thread/src/scheduler.o
 *fill*         0x080372be        0x2 00000000
 .rodata.__FUNCTION__.5319
                0x080372c0       0x1a ./rt-thread/src/scheduler.o
 *fill*         0x080372da        0x2 00000000
 .rodata.__FUNCTION__.5289
                0x080372dc       0x10 ./rt-thread/src/thread.o
 .rodata.__FUNCTION__.5301
                0x080372ec        0xf ./rt-thread/src/thread.o
 *fill*         0x080372fb        0x1 00000000
 .rodata.__FUNCTION__.5310
                0x080372fc       0x12 ./rt-thread/src/thread.o
 *fill*         0x0803730e        0x2 00000000
 .rodata.__FUNCTION__.5315
                0x08037310       0x11 ./rt-thread/src/thread.o
 *fill*         0x08037321        0x3 00000000
 .rodata.__FUNCTION__.5331
                0x08037324       0x11 ./rt-thread/src/thread.o
 *fill*         0x08037335        0x3 00000000
 .rodata.__FUNCTION__.5340
                0x08037338       0x10 ./rt-thread/src/thread.o
 .rodata.__FUNCTION__.5361
                0x08037348       0x12 ./rt-thread/src/thread.o
 *fill*         0x0803735a        0x2 00000000
 .rodata.__FUNCTION__.5372
                0x0803735c       0x12 ./rt-thread/src/thread.o
 *fill*         0x0803736e        0x2 00000000
 .rodata.__FUNCTION__.5377
                0x08037370       0x11 ./rt-thread/src/thread.o
 *fill*         0x08037381        0x3 00000000
 .rodata.__FUNCTION__.5382
                0x08037384       0x12 ./rt-thread/src/thread.o
 *fill*         0x08037396        0x2 00000000
 .rodata.__FUNCTION__.5306
                0x08037398        0xe ./rt-thread/src/timer.o
 *fill*         0x080373a6        0x2 00000000
 .rodata.__FUNCTION__.5311
                0x080373a8       0x10 ./rt-thread/src/timer.o
 .rodata.__FUNCTION__.5335
                0x080373b8        0xf ./rt-thread/src/timer.o
 *fill*         0x080373c7        0x1 00000000
 .rodata.__FUNCTION__.5352
                0x080373c8        0xe ./rt-thread/src/timer.o
 *fill*         0x080373d6        0x2 00000000
 .rodata.__FUNCTION__.5358
                0x080373d8       0x11 ./rt-thread/src/timer.o
 *fill*         0x080373e9        0x3 00000000
 .rodata.name   0x080373ec      0x37a ./rt-thread/components/finsh/cmd.o
                0x080373ec                __fsym_hello_name
                0x080373f4                __fsym_hello_desc
                0x08037404                __fsym_version_name
                0x0803740c                __fsym_version_desc
                0x08037430                __fsym___cmd_version_name
                0x08037440                __fsym___cmd_version_desc
                0x08037464                __fsym_list_thread_name
                0x08037470                __fsym_list_thread_desc
                0x0803747c                __fsym___cmd_list_thread_name
                0x08037490                __fsym___cmd_list_thread_desc
                0x0803749c                __fsym_list_sem_name
                0x080374a8                __fsym_list_sem_desc
                0x080374c4                __fsym___cmd_list_sem_name
                0x080374d4                __fsym___cmd_list_sem_desc
                0x080374f0                __fsym_list_event_name
                0x080374fc                __fsym_list_event_desc
                0x08037514                __fsym___cmd_list_event_name
                0x08037528                __fsym___cmd_list_event_desc
                0x08037540                __fsym_list_mutex_name
                0x0803754c                __fsym_list_mutex_desc
                0x08037564                __fsym___cmd_list_mutex_name
                0x08037578                __fsym___cmd_list_mutex_desc
                0x08037590                __fsym_list_mailbox_name
                0x080375a0                __fsym_list_mailbox_desc
                0x080375b8                __fsym___cmd_list_mailbox_name
                0x080375cc                __fsym___cmd_list_mailbox_desc
                0x080375e4                __fsym_list_msgqueue_name
                0x080375f4                __fsym_list_msgqueue_desc
                0x08037614                __fsym___cmd_list_msgqueue_name
                0x08037628                __fsym___cmd_list_msgqueue_desc
                0x08037648                __fsym_list_mempool_name
                0x08037658                __fsym_list_mempool_desc
                0x08037674                __fsym___cmd_list_mempool_name
                0x08037688                __fsym___cmd_list_mempool_desc
                0x080376a4                __fsym_list_timer_name
                0x080376b0                __fsym_list_timer_desc
                0x080376c8                __fsym___cmd_list_timer_name
                0x080376dc                __fsym___cmd_list_timer_desc
                0x080376f4                __fsym_list_device_name
                0x08037700                __fsym_list_device_desc
                0x08037718                __fsym___cmd_list_device_name
                0x0803772c                __fsym___cmd_list_device_desc
                0x08037744                __fsym_list_name
                0x0803774c                __fsym_list_desc
 *fill*         0x08037766        0x2 00000000
 .rodata.device_type_str
                0x08037768       0x58 ./rt-thread/components/finsh/cmd.o
 .rodata.name   0x080377c0       0x7d ./rt-thread/components/finsh/msh.o
                0x080377c0                __fsym___cmd_help_name
                0x080377cc                __fsym___cmd_help_desc
                0x080377e4                __fsym___cmd_ps_name
                0x080377f0                __fsym___cmd_ps_desc
                0x0803780c                __fsym___cmd_free_name
                0x08037818                __fsym___cmd_free_desc
 *fill*         0x0803783d        0x3 00000000
 .rodata.__FUNCTION__.5539